Component: ARM Compiler 5.06 update 7 (build 960) Tool: armlink [4d3601]

==============================================================================

Section Cross References

    stm32f10x_it.o(i.SysTick_Handler) refers to stm32f10x_it.o(.data) for .data
    main.o(i.main) refers to _scanf_int.o(.text) for _scanf_int
    main.o(i.main) refers to misc.o(i.NVIC_PriorityGroupConfig) for NVIC_PriorityGroupConfig
    main.o(i.main) refers to port.o(i.peripherals_init) for peripherals_init
    main.o(i.main) refers to menu.o(i.menu_olde_show) for menu_olde_show
    main.o(i.main) refers to lcd_oled.o(i.OLED_DrawMem) for OLED_DrawMem
    main.o(i.main) refers to user_tim.o(i.TIM3_Int_Init) for TIM3_Int_Init
    main.o(i.main) refers to user_tim.o(i.TIM2_100us_Init) for TIM2_100us_Init
    main.o(i.main) refers to exit_user.o(i.exit_init) for exit_init
    main.o(i.main) refers to usart3.o(i.usart3_init) for usart3_init
    main.o(i.main) refers to printfa.o(i.__0printf) for __2printf
    main.o(i.main) refers to user_uwb.o(i.user_dwb_init) for user_dwb_init
    main.o(i.main) refers to waificmd.o(i.RTK8266_init) for RTK8266_init
    main.o(i.main) refers to user_uwb.o(i.user_uwb_ruing) for user_uwb_ruing
    main.o(i.main) refers to strstr.o(.text) for strstr
    main.o(i.main) refers to strncmp.o(.text) for strncmp
    main.o(i.main) refers to memcpya.o(.text) for __aeabi_memcpy
    main.o(i.main) refers to memseta.o(.text) for __aeabi_memclr4
    main.o(i.main) refers to __0sscanf.o(.text) for __0sscanf
    main.o(i.main) refers to user_uwb.o(i.print_data) for print_data
    main.o(i.main) refers to printfa.o(i.__0sprintf) for __2sprintf
    main.o(i.main) refers to waificmd.o(i.Tx_Data) for Tx_Data
    main.o(i.main) refers to exit_user.o(i.exit_key_get) for exit_key_get
    main.o(i.main) refers to segger_rtt_printf.o(i.SEGGER_RTT_printf) for SEGGER_RTT_printf
    main.o(i.main) refers to lis2dh12.o(i.drv_lis2dh12_get_angle) for drv_lis2dh12_get_angle
    main.o(i.main) refers to ffixui.o(.text) for __aeabi_f2uiz
    main.o(i.main) refers to main.o(.bss) for .bss
    main.o(i.main) refers to user_uwb.o(.bss) for udata
    main.o(i.main) refers to menu.o(.bss) for user_menu
    main.o(i.main) refers to user_tim.o(.bss) for USERE_TIME_USECOUNT
    main.o(i.main) refers to usart3.o(.data) for USART3_RX_STA
    main.o(i.main) refers to usart3.o(.bss) for USART3_RX_BUF
    main.o(i.main) refers to main.o(.constdata) for .constdata
    main.o(i.main) refers to main.o(.data) for .data
    main.o(i.main) refers to lcd_oled.o(i.SHT20_read_tem) for SHT20_read_tem
    main.o(i.main) refers to fmul.o(.text) for __aeabi_fmul
    main.o(i.main) refers to ffixi.o(.text) for __aeabi_f2iz
    main.o(i.main) refers to lcd_oled.o(i.SHT20_read_hum) for SHT20_read_hum
    main.o(i.main) refers to exit_user.o(i.exit_infrared_get) for exit_infrared_get
    main.o(i.main) refers to exit_user.o(i.exit_get) for exit_get
    main.o(i.main) refers to user_tim.o(.constdata) for TabHL1
    user_tim.o(i.TIM2_100us_Init) refers to stm32f10x_rcc.o(i.RCC_APB1PeriphClockCmd) for RCC_APB1PeriphClockCmd
    user_tim.o(i.TIM2_100us_Init) refers to stm32f10x_tim.o(i.TIM_TimeBaseInit) for TIM_TimeBaseInit
    user_tim.o(i.TIM2_100us_Init) refers to stm32f10x_tim.o(i.TIM_ITConfig) for TIM_ITConfig
    user_tim.o(i.TIM2_100us_Init) refers to misc.o(i.NVIC_Init) for NVIC_Init
    user_tim.o(i.TIM2_100us_Init) refers to stm32f10x_tim.o(i.TIM_Cmd) for TIM_Cmd
    user_tim.o(i.TIM2_100us_Init) refers to user_tim.o(.bss) for .bss
    user_tim.o(i.TIM2_IRQHandler) refers to stm32f10x_tim.o(i.TIM_GetITStatus) for TIM_GetITStatus
    user_tim.o(i.TIM2_IRQHandler) refers to stm32f10x_tim.o(i.TIM_ClearITPendingBit) for TIM_ClearITPendingBit
    user_tim.o(i.TIM2_IRQHandler) refers to stm32f10x_tim.o(i.TIM_ITConfig) for TIM_ITConfig
    user_tim.o(i.TIM2_IRQHandler) refers to user_tim.o(.data) for .data
    user_tim.o(i.TIM2_IRQHandler) refers to user_tim.o(.bss) for .bss
    user_tim.o(i.TIM3_IRQHandler) refers to stm32f10x_tim.o(i.TIM_GetITStatus) for TIM_GetITStatus
    user_tim.o(i.TIM3_IRQHandler) refers to segger_rtt_printf.o(i.SEGGER_RTT_printf) for SEGGER_RTT_printf
    user_tim.o(i.TIM3_IRQHandler) refers to stm32f10x_tim.o(i.TIM_ClearITPendingBit) for TIM_ClearITPendingBit
    user_tim.o(i.TIM3_IRQHandler) refers to user_tim.o(.constdata) for .constdata
    user_tim.o(i.TIM3_Int_Init) refers to stm32f10x_rcc.o(i.RCC_APB1PeriphClockCmd) for RCC_APB1PeriphClockCmd
    user_tim.o(i.TIM3_Int_Init) refers to stm32f10x_rcc.o(i.RCC_APB2PeriphClockCmd) for RCC_APB2PeriphClockCmd
    user_tim.o(i.TIM4_IRQHandler) refers to stm32f10x_tim.o(i.TIM_GetITStatus) for TIM_GetITStatus
    user_tim.o(i.TIM4_IRQHandler) refers to stm32f10x_tim.o(i.TIM_ClearITPendingBit) for TIM_ClearITPendingBit
    user_tim.o(i.TIM4_IRQHandler) refers to stm32f10x_gpio.o(i.GPIO_ReadInputDataBit) for GPIO_ReadInputDataBit
[...]
    resp_rx_ts                               0x20000038   Data           8  user_uwb.o(.data)
    final_tx_ts                              0x20000040   Data           8  user_uwb.o(.data)
    config                                   0x20000048   Data          11  user_uwb.o(.data)
    distance_msg                             0x20000053   Data          15  user_uwb.o(.data)
    tx_poll_msg                              0x20000062   Data          12  user_uwb.o(.data)
    rx_resp_msg                              0x2000006e   Data          15  user_uwb.o(.data)
    tx_final_msg                             0x2000007d   Data          24  user_uwb.o(.data)
    tx_msg                                   0x20000095   Data          28  user_uwb.o(.data)
    .data                                    0x200000b2   Section        4  usart3.o(.data)
    .data                                    0x200000b8   Section        8  exit_user.o(.data)
    key_up                                   0x200000b8   Data           1  exit_user.o(.data)
    key_delay                                0x200000b9   Data           1  exit_user.o(.data)
    res                                      0x200000ba   Data           1  exit_user.o(.data)
    count                                    0x200000bc   Data           4  exit_user.o(.data)
    .data                                    0x200000c0   Section      108  menu.o(.data)
    len                                      0x200000c0   Data           1  menu.o(.data)
    init_flag                                0x200000c1   Data           1  menu.o(.data)
    .data                                    0x2000012c   Section       20  stm32f10x_rcc.o(.data)
    ADCPrescTable                            0x2000012c   Data           4  stm32f10x_rcc.o(.data)
    APBAHBPrescTable                         0x20000130   Data          16  stm32f10x_rcc.o(.data)
    .data                                    0x20000140   Section       20  system_stm32f10x.o(.data)
    .data                                    0x20000154   Section       72  stm32_eval.o(.data)
    .data                                    0x2000019c   Section        4  lcd_oled.o(.data)
    .data                                    0x200001a0   Section        4  stdout.o(.data)
    .data                                    0x200001a4   Section        4  errno.o(.data)
    _errno                                   0x200001a4   Data           4  errno.o(.data)
    .bss                                     0x200001a8   Section     2224  main.o(.bss)
    rx_buff                                  0x20000258   Data        1024  main.o(.bss)
    buff                                     0x20000658   Data        1024  main.o(.bss)
    .bss                                     0x20000a58   Section       36  user_tim.o(.bss)
    infrared                                 0x20000a68   Data          20  user_tim.o(.bss)
    .bss                                     0x20000a80   Section      520  user_uwb.o(.bss)
    rx_buffer                                0x20000bd4   Data          48  user_uwb.o(.bss)
    .bss                                     0x20000c88   Section     1200  usart3.o(.bss)
    .bss                                     0x20001138   Section       34  menu.o(.bss)
    buff                                     0x20001142   Data          24  menu.o(.bss)
    .bss                                     0x2000115c   Section       16  port.o(.bss)
    .bss                                     0x2000116c   Section     1024  lcd_oled.o(.bss)
    Screen_cache                             0x2000116c   Data        1024  lcd_oled.o(.bss)
    .bss                                     0x2000156c   Section       60  deca_device.o(.bss)
    dw1000local                              0x2000156c   Data          60  deca_device.o(.bss)
    .bss                                     0x200015a8   Section     1208  segger_rtt.o(.bss)
    _acUpBuffer                              0x20001650   Data        1024  segger_rtt.o(.bss)
    _acDownBuffer                            0x20001a50   Data          16  segger_rtt.o(.bss)
    STACK                                    0x20001a60   Section     1536  startup_stm32f10x_hd.o(STACK)

    Global Symbols

    Symbol Name                              Value     Ov Type        Size  Object(Section)

    BuildAttributes$$THM_ISAv4$P$D$K$B$S$PE$A:L22UL41UL21$X:L11$S22US41US21$IEEE1$IW$USESV6$~STKCKD$USESV7$~SHL$OTIME$ROPI$IEEEX$EBA8$MICROLIB$REQ8$PRES8$EABIv2 0x00000000   Number         0  anon$$obj.o ABSOLUTE
    __ARM_use_no_argv                        0x00000000   Number         0  main.o ABSOLUTE
    _printf_a                                0x00000000   Number         0  stubs.o ABSOLUTE
    _printf_c                                0x00000000   Number         0  stubs.o ABSOLUTE
    _printf_charcount                        0x00000000   Number         0  stubs.o ABSOLUTE
    _printf_d                                0x00000000   Number         0  stubs.o ABSOLUTE
    _printf_e                                0x00000000   Number         0  stubs.o ABSOLUTE
    _printf_f                                0x00000000   Number         0  stubs.o ABSOLUTE
    _printf_flags                            0x00000000   Number         0  stubs.o ABSOLUTE
    _printf_fp_dec                           0x00000000   Number         0  stubs.o ABSOLUTE
    _printf_fp_hex                           0x00000000   Number         0  stubs.o ABSOLUTE
    _printf_g                                0x00000000   Number         0  stubs.o ABSOLUTE
    _printf_i                                0x00000000   Number         0  stubs.o ABSOLUTE
    _printf_int_dec                          0x00000000   Number         0  stubs.o ABSOLUTE
    _printf_l                                0x00000000   Number         0  stubs.o ABSOLUTE
    _printf_lc                               0x00000000   Number         0  stubs.o ABSOLUTE
    _printf_ll                               0x00000000   Number         0  stubs.o ABSOLUTE
    _printf_lld                              0x00000000   Number         0  stubs.o ABSOLUTE
    _printf_lli                              0x00000000   Number         0  stubs.o ABSOLUTE
    _printf_llo                              0x00000000   Number         0  stubs.o ABSOLUTE
    _printf_llu                              0x00000000   Number         0  stubs.o ABSOLUTE
    _printf_llx                              0x00000000   Number         0  stubs.o ABSOLUTE
    _printf_longlong_dec                     0x00000000   Number         0  stubs.o ABSOLUTE
    _printf_longlong_hex                     0x00000000   Number         0  stubs.o ABSOLUTE
    _printf_longlong_oct                     0x00000000   Number         0  stubs.o ABSOLUTE
    _printf_ls                               0x00000000   Number         0  stubs.o ABSOLUTE
    _printf_mbtowc                           0x00000000   Number         0  stubs.o ABSOLUTE
    _printf_n                                0x00000000   Number         0  stubs.o ABSOLUTE
    _printf_o                                0x00000000   Number         0  stubs.o ABSOLUTE
    _printf_p                                0x00000000   Number         0  stubs.o ABSOLUTE
    _printf_percent                          0x00000000   Number         0  stubs.o ABSOLUTE
    _printf_pre_padding                      0x00000000   Number         0  stubs.o ABSOLUTE
    _printf_return_value                     0x00000000   Number         0  stubs.o ABSOLUTE
    _printf_s                                0x00000000   Number         0  stubs.o ABSOLUTE
    _printf_sizespec                         0x00000000   Number         0  stubs.o ABSOLUTE
    _printf_str                              0x00000000   Number         0  stubs.o ABSOLUTE
    _printf_truncate_signed                  0x00000000   Number         0  stubs.o ABSOLUTE
    _printf_truncate_unsigned                0x00000000   Number         0  stubs.o ABSOLUTE
    _printf_u                                0x00000000   Number         0  stubs.o ABSOLUTE
    _printf_wc                               0x00000000   Number         0  stubs.o ABSOLUTE
    _printf_wctomb                           0x00000000   Number         0  stubs.o ABSOLUTE
    _printf_widthprec                        0x00000000   Number         0  stubs.o ABSOLUTE
    _printf_x                                0x00000000   Number         0  stubs.o ABSOLUTE
    __arm_fini_                               - Undefined Weak Reference
    __cpp_initialize__aeabi_                  - Undefined Weak Reference
    __cxa_finalize                            - Undefined Weak Reference
    _clock_init                               - Undefined Weak Reference
    _microlib_exit                            - Undefined Weak Reference
    _scanf_longlong                           - Undefined Weak Reference
    _scanf_real                               - Undefined Weak Reference
    _scanf_string                             - Undefined Weak Reference
    __Vectors_Size                           0x00000130   Number         0  startup_stm32f10x_hd.o ABSOLUTE
    __Vectors                                0x08000000   Data           4  startup_stm32f10x_hd.o(RESET)
    __Vectors_End                            0x08000130   Data           0  startup_stm32f10x_hd.o(RESET)
    __main                                   0x08000131   Thumb Code     0  entry.o(.ARM.Collect$$$$00000000)
    _main_stk                                0x08000131   Thumb Code     0  entry2.o(.ARM.Collect$$$$00000001)
    _main_scatterload                        0x08000135   Thumb Code     0  entry5.o(.ARM.Collect$$$$00000004)
    __main_after_scatterload                 0x08000139   Thumb Code     0  entry5.o(.ARM.Collect$$$$00000004)
    _main_clock                              0x08000139   Thumb Code     0  entry7b.o(.ARM.Collect$$$$00000008)
    _main_cpp_init                           0x08000139   Thumb Code     0  entry8b.o(.ARM.Collect$$$$0000000A)
    _main_init                               0x08000139   Thumb Code     0  entry9a.o(.ARM.Collect$$$$0000000B)
    __rt_lib_shutdown_fini                   0x08000141   Thumb Code     0  entry12b.o(.ARM.Collect$$$$0000000E)
    __rt_final_cpp                           0x08000145   Thumb Code     0  entry10a.o(.ARM.Collect$$$$0000000F)
    __rt_final_exit                          0x08000145   Thumb Code     0  entry11a.o(.ARM.Collect$$$$00000011)
    Reset_Handler                            0x08000149   Thumb Code     8  startup_stm32f10x_hd.o(.text)
    ADC1_2_IRQHandler                        0x08000163   Thumb Code     0  startup_stm32f10x_hd.o(.text)
    ADC3_IRQHandler                          0x08000163   Thumb Code     0  startup_stm32f10x_hd.o(.text)
    CAN1_RX1_IRQHandler                      0x08000163   Thumb Code     0  startup_stm32f10x_hd.o(.text)
    CAN1_SCE_IRQHandler                      0x08000163   Thumb Code     0  startup_stm32f10x_hd.o(.text)
    DMA1_Channel1_IRQHandler                 0x08000163   Thumb Code     0  startup_stm32f10x_hd.o(.text)
    DMA1_Channel2_IRQHandler                 0x08000163   Thumb Code     0  startup_stm32f10x_hd.o(.text)
    DMA1_Channel3_IRQHandler                 0x08000163   Thumb Code     0  startup_stm32f10x_hd.o(.text)
    DMA1_Channel4_IRQHandler                 0x08000163   Thumb Code     0  startup_stm32f10x_hd.o(.text)
    DMA1_Channel5_IRQHandler                 0x08000163   Thumb Code     0  startup_stm32f10x_hd.o(.text)
    DMA1_Channel6_IRQHandler                 0x08000163   Thumb Code     0  startup_stm32f10x_hd.o(.text)
    DMA1_Channel7_IRQHandler                 0x08000163   Thumb Code     0  startup_stm32f10x_hd.o(.text)
    DMA2_Channel1_IRQHandler                 0x08000163   Thumb Code     0  startup_stm32f10x_hd.o(.text)
    DMA2_Channel2_IRQHandler                 0x08000163   Thumb Code     0  startup_stm32f10x_hd.o(.text)
    DMA2_Channel3_IRQHandler                 0x08000163   Thumb Code     0  startup_stm32f10x_hd.o(.text)
    DMA2_Channel4_5_IRQHandler               0x08000163   Thumb Code     0  startup_stm32f10x_hd.o(.text)
    EXTI0_IRQHandler                         0x08000163   Thumb Code     0  startup_stm32f10x_hd.o(.text)
    EXTI15_10_IRQHandler                     0x08000163   Thumb Code     0  startup_stm32f10x_hd.o(.text)
    EXTI1_IRQHandler                         0x08000163   Thumb Code     0  startup_stm32f10x_hd.o(.text)
    EXTI2_IRQHandler                         0x08000163   Thumb Code     0  startup_stm32f10x_hd.o(.text)
    EXTI3_IRQHandler                         0x08000163   Thumb Code     0  startup_stm32f10x_hd.o(.text)
    EXTI4_IRQHandler                         0x08000163   Thumb Code     0  startup_stm32f10x_hd.o(.text)
    FLASH_IRQHandler                         0x08000163   Thumb Code     0  startup_stm32f10x_hd.o(.text)
    FSMC_IRQHandler                          0x08000163   Thumb Code     0  startup_stm32f10x_hd.o(.text)
    I2C1_ER_IRQHandler                       0x08000163   Thumb Code     0  startup_stm32f10x_hd.o(.text)
    I2C1_EV_IRQHandler                       0x08000163   Thumb Code     0  startup_stm32f10x_hd.o(.text)
    I2C2_ER_IRQHandler                       0x08000163   Thumb Code     0  startup_stm32f10x_hd.o(.text)
    I2C2_EV_IRQHandler                       0x08000163   Thumb Code     0  startup_stm32f10x_hd.o(.text)
    PVD_IRQHandler                           0x08000163   Thumb Code     0  startup_stm32f10x_hd.o(.text)
    RCC_IRQHandler                           0x08000163   Thumb Code     0  startup_stm32f10x_hd.o(.text)
    RTCAlarm_IRQHandler                      0x08000163   Thumb Code     0  startup_stm32f10x_hd.o(.text)
    RTC_IRQHandler                           0x08000163   Thumb Code     0  startup_stm32f10x_hd.o(.text)
    SDIO_IRQHandler                          0x08000163   Thumb Code     0  startup_stm32f10x_hd.o(.text)
    SPI1_IRQHandler                          0x08000163   Thumb Code     0  startup_stm32f10x_hd.o(.text)
    SPI2_IRQHandler                          0x08000163   Thumb Code     0  startup_stm32f10x_hd.o(.text)
    SPI3_IRQHandler                          0x08000163   Thumb Code     0  startup_stm32f10x_hd.o(.text)
    TAMPER_IRQHandler                        0x08000163   Thumb Code     0  startup_stm32f10x_hd.o(.text)
    TIM1_BRK_IRQHandler                      0x08000163   Thumb Code     0  startup_stm32f10x_hd.o(.text)
    TIM1_CC_IRQHandler                       0x08000163   Thumb Code     0  startup_stm32f10x_hd.o(.text)
    TIM1_TRG_COM_IRQHandler                  0x08000163   Thumb Code     0  startup_stm32f10x_hd.o(.text)
    TIM1_UP_IRQHandler                       0x08000163   Thumb Code     0  startup_stm32f10x_hd.o(.text)
    TIM5_IRQHandler                          0x08000163   Thumb Code     0  startup_stm32f10x_hd.o(.text)
    TIM6_IRQHandler                          0x08000163   Thumb Code     0  startup_stm32f10x_hd.o(.text)
    TIM7_IRQHandler                          0x08000163   Thumb Code     0  startup_stm32f10x_hd.o(.text)
    TIM8_BRK_IRQHandler                      0x08000163   Thumb Code     0  startup_stm32f10x_hd.o(.text)
    TIM8_CC_IRQHandler                       0x08000163   Thumb Code     0  startup_stm32f10x_hd.o(.text)
    TIM8_TRG_COM_IRQHandler                  0x08000163   Thumb Code     0  startup_stm32f10x_hd.o(.text)
    TIM8_UP_IRQHandler                       0x08000163   Thumb Code     0  startup_stm32f10x_hd.o(.text)
    UART4_IRQHandler                         0x08000163   Thumb Code     0  startup_stm32f10x_hd.o(.text)
    UART5_IRQHandler                         0x08000163   Thumb Code     0  startup_stm32f10x_hd.o(.text)
    USART1_IRQHandler                        0x08000163   Thumb Code     0  startup_stm32f10x_hd.o(.text)
    USART2_IRQHandler                        0x08000163   Thumb Code     0  startup_stm32f10x_hd.o(.text)
    USBWakeUp_IRQHandler                     0x08000163   Thumb Code     0  startup_stm32f10x_hd.o(.text)
    USB_HP_CAN1_TX_IRQHandler                0x08000163   Thumb Code     0  startup_stm32f10x_hd.o(.text)
    USB_LP_CAN1_RX0_IRQHandler               0x08000163   Thumb Code     0  startup_stm32f10x_hd.o(.text)
    WWDG_IRQHandler                          0x08000163   Thumb Code     0  startup_stm32f10x_hd.o(.text)
    __aeabi_memcpy                           0x0800016d   Thumb Code    36  memcpya.o(.text)
    __aeabi_memcpy4                          0x0800016d   Thumb Code     0  memcpya.o(.text)
    __aeabi_memcpy8                          0x0800016d   Thumb Code     0  memcpya.o(.text)
    __aeabi_memset                           0x08000191   Thumb Code    14  memseta.o(.text)
    __aeabi_memset4                          0x08000191   Thumb Code     0  memseta.o(.text)
    __aeabi_memset8                          0x08000191   Thumb Code     0  memseta.o(.text)
    __aeabi_memclr                           0x0800019f   Thumb Code     4  memseta.o(.text)
    __aeabi_memclr4                          0x0800019f   Thumb Code     0  memseta.o(.text)
    __aeabi_memclr8                          0x0800019f   Thumb Code     0  memseta.o(.text)
    _memset$wrapper                          0x080001a3   Thumb Code    18  memseta.o(.text)
    strstr                                   0x080001b5   Thumb Code    36  strstr.o(.text)
    strlen                                   0x080001d9   Thumb Code    14  strlen.o(.text)
    memcmp                                   0x080001e7   Thumb Code    26  memcmp.o(.text)
    strcpy                                   0x08000201   Thumb Code    18  strcpy.o(.text)
    strncmp                                  0x08000213   Thumb Code    30  strncmp.o(.text)
    __0sscanf                                0x08000231   Thumb Code    48  __0sscanf.o(.text)
    _scanf_int                               0x08000269   Thumb Code   332  _scanf_int.o(.text)
    __aeabi_fadd                             0x080003b5   Thumb Code   164  fadd.o(.text)
    __aeabi_fsub                             0x08000459   Thumb Code     6  fadd.o(.text)
    __aeabi_frsub                            0x0800045f   Thumb Code     6  fadd.o(.text)
    __aeabi_fmul                             0x08000465   Thumb Code   100  fmul.o(.text)
    __aeabi_fdiv                             0x080004c9   Thumb Code   124  fdiv.o(.text)
    __aeabi_dadd                             0x08000545   Thumb Code   322  dadd.o(.text)
    __aeabi_dsub                             0x08000687   Thumb Code     6  dadd.o(.text)
    __aeabi_drsub                            0x0800068d   Thumb Code     6  dadd.o(.text)
    __aeabi_dmul                             0x08000693   Thumb Code   228  dmul.o(.text)
    __aeabi_ddiv                             0x08000777   Thumb Code   222  ddiv.o(.text)
    __ARM_scalbn                             0x08000855   Thumb Code    46  dscalb.o(.text)
    scalbn                                   0x08000855   Thumb Code     0  dscalb.o(.text)
    __aeabi_i2f                              0x08000883   Thumb Code    18  fflti.o(.text)
    __aeabi_ui2f                             0x08000895   Thumb Code    10  ffltui.o(.text)
    __aeabi_i2d                              0x0800089f   Thumb Code    34  dflti.o(.text)
    __aeabi_f2iz                             0x080008c1   Thumb Code    50  ffixi.o(.text)
    __aeabi_f2uiz                            0x080008f3   Thumb Code    40  ffixui.o(.text)
    __aeabi_f2d                              0x0800091b   Thumb Code    38  f2d.o(.text)
    __aeabi_cdrcmple                         0x08000941   Thumb Code    48  cdrcmple.o(.text)
    __aeabi_d2f                              0x08000971   Thumb Code    56  d2f.o(.text)
    __aeabi_cfrcmple                         0x080009a9   Thumb Code    20  cfrcmple.o(.text)
    __aeabi_uidiv                            0x080009bd   Thumb Code     0  uidiv.o(.text)
    __aeabi_uidivmod                         0x080009bd   Thumb Code    44  uidiv.o(.text)
    __aeabi_uldivmod                         0x080009e9   Thumb Code    98  uldiv.o(.text)
    __aeabi_llsl                             0x08000a4b   Thumb Code    30  llshl.o(.text)
    _ll_shift_l                              0x08000a4b   Thumb Code     0  llshl.o(.text)
    __aeabi_llsr                             0x08000a69   Thumb Code    32  llushr.o(.text)
    _ll_ushift_r                             0x08000a69   Thumb Code     0  llushr.o(.text)
    __aeabi_lasr                             0x08000a89   Thumb Code    36  llsshr.o(.text)
    _ll_sshift_r                             0x08000a89   Thumb Code     0  llsshr.o(.text)
    _chval                                   0x08000aad   Thumb Code    28  _chval.o(.text)
    __vfscanf_char                           0x08000ad5   Thumb Code    20  scanf_char.o(.text)
    _sgetc                                   0x08000af1   Thumb Code    30  _sgetc.o(.text)
    _sbackspace                              0x08000b0f   Thumb Code    34  _sgetc.o(.text)
    __I$use$fp                               0x08000b31   Thumb Code     0  iusefp.o(.text)
    _float_round                             0x08000b31   Thumb Code    18  fepilogue.o(.text)
    _float_epilogue                          0x08000b43   Thumb Code    92  fepilogue.o(.text)
    _double_round                            0x08000b9f   Thumb Code    30  depilogue.o(.text)
    _double_epilogue                         0x08000bbd   Thumb Code   156  depilogue.o(.text)
    _dsqrt                                   0x08000c59   Thumb Code   162  dsqrt.o(.text)
    __aeabi_d2ulz                            0x08000cfb   Thumb Code    48  dfixul.o(.text)
    __scatterload                            0x08000d2d   Thumb Code    28  init.o(.text)
    __scatterload_rt2                        0x08000d2d   Thumb Code     0  init.o(.text)
    isspace                                  0x08000d51   Thumb Code    10  isspace_c.o(.text)
    __vfscanf                                0x08000d5d   Thumb Code   810  _scanf.o(.text)
    __ctype_lookup                           0x0800108d   Thumb Code    34  ctype_c.o(.text)
    __decompress                             0x080010b5   Thumb Code     0  __dczerorl2.o(.text)
    __decompress1                            0x080010b5   Thumb Code    86  __dczerorl2.o(.text)
    BusFault_Handler                         0x0800110b   Thumb Code     2  stm32f10x_it.o(i.BusFault_Handler)
    DebugMon_Handler                         0x0800110d   Thumb Code     2  stm32f10x_it.o(i.DebugMon_Handler)
    EXTI9_5_IRQHandler                       0x08001111   Thumb Code    92  exit_user.o(i.EXTI9_5_IRQHandler)
    EXTI_ClearITPendingBit                   0x08001179   Thumb Code     6  stm32f10x_exti.o(i.EXTI_ClearITPendingBit)
    EXTI_GetITEnStatus                       0x08001185   Thumb Code    16  port.o(i.EXTI_GetITEnStatus)
    EXTI_GetITStatus                         0x08001199   Thumb Code    28  stm32f10x_exti.o(i.EXTI_GetITStatus)
    GPIO_Configuration                       0x080011b9   Thumb Code   216  port.o(i.GPIO_Configuration)
    GPIO_Init                                0x080012a5   Thumb Code   162  stm32f10x_gpio.o(i.GPIO_Init)
    GPIO_PinRemapConfig                      0x08001349   Thumb Code    82  stm32f10x_gpio.o(i.GPIO_PinRemapConfig)
    GPIO_ReadInputDataBit                    0x080013a1   Thumb Code    14  stm32f10x_gpio.o(i.GPIO_ReadInputDataBit)
    GPIO_ResetBits                           0x080013af   Thumb Code     4  stm32f10x_gpio.o(i.GPIO_ResetBits)
    GPIO_SetBits                             0x080013b3   Thumb Code     4  stm32f10x_gpio.o(i.GPIO_SetBits)
    HardFault_Handler                        0x080013b7   Thumb Code     2  stm32f10x_it.o(i.HardFault_Handler)
    I2C_AcknowledgeConfig                    0x080013b9   Thumb Code    20  stm32f10x_i2c.o(i.I2C_AcknowledgeConfig)
    I2C_CheckEvent                           0x080013cd   Thumb Code    24  stm32f10x_i2c.o(i.I2C_CheckEvent)
    I2C_Cmd                                  0x080013e5   Thumb Code    20  stm32f10x_i2c.o(i.I2C_Cmd)
    I2C_DeInit                               0x080013f9   Thumb Code    38  stm32f10x_i2c.o(i.I2C_DeInit)
    I2C_GenerateSTART                        0x08001425   Thumb Code    20  stm32f10x_i2c.o(i.I2C_GenerateSTART)
    I2C_GenerateSTOP                         0x08001439   Thumb Code    20  stm32f10x_i2c.o(i.I2C_GenerateSTOP)
    I2C_GetFlagStatus                        0x0800144d   Thumb Code    42  stm32f10x_i2c.o(i.I2C_GetFlagStatus)
    I2C_Init                                 0x08001479   Thumb Code   178  stm32f10x_i2c.o(i.I2C_Init)
    I2C_NACKPositionConfig                   0x08001535   Thumb Code    22  stm32f10x_i2c.o(i.I2C_NACKPositionConfig)
    I2C_ReceiveData                          0x0800154b   Thumb Code     6  stm32f10x_i2c.o(i.I2C_ReceiveData)
    I2C_Send7bitAddress                      0x08001551   Thumb Code    16  stm32f10x_i2c.o(i.I2C_Send7bitAddress)
    I2C_SendData                             0x08001561   Thumb Code     4  stm32f10x_i2c.o(i.I2C_SendData)
    I2C_WriteOneByte                         0x08001565   Thumb Code   182  lcd_oled.o(i.I2C_WriteOneByte)
    MemManage_Handler                        0x080016a9   Thumb Code     2  stm32f10x_it.o(i.MemManage_Handler)
    NMI_Handler                              0x080016ab   Thumb Code     2  stm32f10x_it.o(i.NMI_Handler)
    NVIC_Init                                0x080016ad   Thumb Code    94  misc.o(i.NVIC_Init)
    NVIC_PriorityGroupConfig                 0x08001711   Thumb Code    10  misc.o(i.NVIC_PriorityGroupConfig)
    OLED_Clear                               0x08001745   Thumb Code    20  lcd_oled.o(i.OLED_Clear)
    OLED_DrawMem                             0x0800175d   Thumb Code    70  lcd_oled.o(i.OLED_DrawMem)
    OLED_Init                                0x080017a9   Thumb Code   250  lcd_oled.o(i.OLED_Init)
    OLED_Set_Pos                             0x080018a3   Thumb Code    44  lcd_oled.o(i.OLED_Set_Pos)
    OLED_ShowCH                              0x080018d1   Thumb Code   116  lcd_oled.o(i.OLED_ShowCH)
    OLED_ShowCHinese                         0x08001949   Thumb Code    56  lcd_oled.o(i.OLED_ShowCHinese)
    OLED_ShowChar                            0x08001989   Thumb Code   112  lcd_oled.o(i.OLED_ShowChar)
    OLED_ShowNum                             0x08001a05   Thumb Code   106  lcd_oled.o(i.OLED_ShowNum)
    OLED_WR_Byte                             0x08001a71   Thumb Code    36  lcd_oled.o(i.OLED_WR_Byte)
    PendSV_Handler                           0x08001a9d   Thumb Code     2  stm32f10x_it.o(i.PendSV_Handler)
    RCC_APB1PeriphClockCmd                   0x08001aa1   Thumb Code    18  stm32f10x_rcc.o(i.RCC_APB1PeriphClockCmd)
    RCC_APB1PeriphResetCmd                   0x08001ab9   Thumb Code    18  stm32f10x_rcc.o(i.RCC_APB1PeriphResetCmd)
    RCC_APB2PeriphClockCmd                   0x08001ad1   Thumb Code    18  stm32f10x_rcc.o(i.RCC_APB2PeriphClockCmd)
    RCC_APB2PeriphResetCmd                   0x08001ae9   Thumb Code    18  stm32f10x_rcc.o(i.RCC_APB2PeriphResetCmd)
    RCC_GetClocksFreq                        0x08001b01   Thumb Code   140  stm32f10x_rcc.o(i.RCC_GetClocksFreq)
    RTK8266_init                             0x08001ba1   Thumb Code    88  waificmd.o(i.RTK8266_init)
    SEGGER_RTT_Write                         0x08001c09   Thumb Code    50  segger_rtt.o(i.SEGGER_RTT_Write)
    SEGGER_RTT_WriteNoLock                   0x08001c41   Thumb Code    86  segger_rtt.o(i.SEGGER_RTT_WriteNoLock)
    SEGGER_RTT_printf                        0x08001c9d   Thumb Code    22  segger_rtt_printf.o(i.SEGGER_RTT_printf)
    SEGGER_RTT_vprintf                       0x08001cb3   Thumb Code   406  segger_rtt_printf.o(i.SEGGER_RTT_vprintf)
    SHT20_init                               0x08001e49   Thumb Code   112  lcd_oled.o(i.SHT20_init)
    SHT20_read_hum                           0x08001ebd   Thumb Code   138  lcd_oled.o(i.SHT20_read_hum)
    SHT20_read_tem                           0x08001f75   Thumb Code   136  lcd_oled.o(i.SHT20_read_tem)
    SPI_ChangeRate                           0x0800202d   Thumb Code    14  port.o(i.SPI_ChangeRate)
    SPI_Cmd                                  0x08002041   Thumb Code    20  stm32f10x_spi.o(i.SPI_Cmd)
    SPI_Configuration                        0x08002055   Thumb Code   166  port.o(i.SPI_Configuration)
    SPI_I2S_DeInit                           0x08002105   Thumb Code    72  stm32f10x_spi.o(i.SPI_I2S_DeInit)
    SPI_I2S_GetFlagStatus                    0x08002159   Thumb Code    14  stm32f10x_spi.o(i.SPI_I2S_GetFlagStatus)
    SPI_Init                                 0x08002167   Thumb Code    56  stm32f10x_spi.o(i.SPI_Init)
    SPI_SSOutputCmd                          0x0800219f   Thumb Code    20  stm32f10x_spi.o(i.SPI_SSOutputCmd)
    STM_EVAL_COMInit                         0x080021b5   Thumb Code   154  stm32_eval.o(i.STM_EVAL_COMInit)
    STM_EVAL_LEDOff                          0x08002259   Thumb Code    16  stm32_eval.o(i.STM_EVAL_LEDOff)
    STM_EVAL_LEDOn                           0x08002271   Thumb Code    16  stm32_eval.o(i.STM_EVAL_LEDOn)
    SVC_Handler                              0x08002289   Thumb Code     2  stm32f10x_it.o(i.SVC_Handler)
    Semaphore_Init                           0x0800228d   Thumb Code    16  user_uwb.o(i.Semaphore_Init)
    SysTick_Configuration                    0x08002349   Thumb Code    64  port.o(i.SysTick_Configuration)
    SysTick_Handler                          0x0800238d   Thumb Code    10  stm32f10x_it.o(i.SysTick_Handler)
    SystemInit                               0x0800239d   Thumb Code    64  system_stm32f10x.o(i.SystemInit)
    TIM2_100us_Init                          0x080024d5   Thumb Code    94  user_tim.o(i.TIM2_100us_Init)
    TIM2_IRQHandler                          0x08002539   Thumb Code   176  user_tim.o(i.TIM2_IRQHandler)
    TIM3_IRQHandler                          0x080025f1   Thumb Code    44  user_tim.o(i.TIM3_IRQHandler)
    TIM3_Int_Init                            0x08002635   Thumb Code    22  user_tim.o(i.TIM3_Int_Init)
    TIM4_IRQHandler                          0x0800264d   Thumb Code   308  user_tim.o(i.TIM4_IRQHandler)
    TIM_ClearITPendingBit                    0x08002795   Thumb Code     6  stm32f10x_tim.o(i.TIM_ClearITPendingBit)
    TIM_Cmd                                  0x0800279b   Thumb Code    20  stm32f10x_tim.o(i.TIM_Cmd)
    TIM_GetCapture3                          0x080027af   Thumb Code     4  stm32f10x_tim.o(i.TIM_GetCapture3)
    TIM_GetITStatus                          0x080027b3   Thumb Code    24  stm32f10x_tim.o(i.TIM_GetITStatus)
    TIM_ICInit                               0x080027cd   Thumb Code   280  stm32f10x_tim.o(i.TIM_ICInit)
    TIM_ITConfig                             0x080028f9   Thumb Code    16  stm32f10x_tim.o(i.TIM_ITConfig)
    TIM_OC3PolarityConfig                    0x08002909   Thumb Code    20  stm32f10x_tim.o(i.TIM_OC3PolarityConfig)
    TIM_SetCounter                           0x0800291d   Thumb Code     4  stm32f10x_tim.o(i.TIM_SetCounter)
    TIM_SetIC1Prescaler                      0x08002921   Thumb Code    16  stm32f10x_tim.o(i.TIM_SetIC1Prescaler)
    TIM_SetIC2Prescaler                      0x08002931   Thumb Code    24  stm32f10x_tim.o(i.TIM_SetIC2Prescaler)
    TIM_SetIC3Prescaler                      0x08002949   Thumb Code    16  stm32f10x_tim.o(i.TIM_SetIC3Prescaler)
    TIM_SetIC4Prescaler                      0x08002959   Thumb Code    24  stm32f10x_tim.o(i.TIM_SetIC4Prescaler)
    TIM_TimeBaseInit                         0x08002971   Thumb Code   114  stm32f10x_tim.o(i.TIM_TimeBaseInit)
    Tag_Measure_Dis                          0x08002a0d   Thumb Code   794  user_uwb.o(i.Tag_Measure_Dis)
    Tim4_Init                                0x08002d99   Thumb Code   134  user_tim.o(i.Tim4_Init)
    Tx_Data                                  0x08002e25   Thumb Code    46  waificmd.o(i.Tx_Data)
    USART3_IRQHandler                        0x08002e6d   Thumb Code    82  usart3.o(i.USART3_IRQHandler)
    USART_ClearFlag                          0x08002ecd   Thumb Code     6  stm32f10x_usart.o(i.USART_ClearFlag)
    USART_Cmd                                0x08002ed3   Thumb Code    20  stm32f10x_usart.o(i.USART_Cmd)
    USART_DeInit                             0x08002ee9   Thumb Code    96  stm32f10x_usart.o(i.USART_DeInit)
    USART_GetFlagStatus                      0x08002f5d   Thumb Code    14  stm32f10x_usart.o(i.USART_GetFlagStatus)
    USART_GetITStatus                        0x08002f6b   Thumb Code    62  stm32f10x_usart.o(i.USART_GetITStatus)
    USART_ITConfig                           0x08002fa9   Thumb Code    48  stm32f10x_usart.o(i.USART_ITConfig)
    USART_Init                               0x08002fd9   Thumb Code   166  stm32f10x_usart.o(i.USART_Init)
    USART_ReceiveData                        0x08003085   Thumb Code     8  stm32f10x_usart.o(i.USART_ReceiveData)
    USART_SendData                           0x0800308d   Thumb Code     8  stm32f10x_usart.o(i.USART_SendData)
    UsageFault_Handler                       0x08003095   Thumb Code     2  stm32f10x_it.o(i.UsageFault_Handler)
    __0printf                                0x08003391   Thumb Code    22  printfa.o(i.__0printf)
    __1printf                                0x08003391   Thumb Code     0  printfa.o(i.__0printf)
    __2printf                                0x08003391   Thumb Code     0  printfa.o(i.__0printf)
    __c89printf                              0x08003391   Thumb Code     0  printfa.o(i.__0printf)
    printf                                   0x08003391   Thumb Code     0  printfa.o(i.__0printf)
    __0snprintf                              0x080033b1   Thumb Code    48  printfa.o(i.__0snprintf)
    __1snprintf                              0x080033b1   Thumb Code     0  printfa.o(i.__0snprintf)
    __2snprintf                              0x080033b1   Thumb Code     0  printfa.o(i.__0snprintf)
    __c89snprintf                            0x080033b1   Thumb Code     0  printfa.o(i.__0snprintf)
    snprintf                                 0x080033b1   Thumb Code     0  printfa.o(i.__0snprintf)
    __0sprintf                               0x080033e5   Thumb Code    34  printfa.o(i.__0sprintf)
    __1sprintf                               0x080033e5   Thumb Code     0  printfa.o(i.__0sprintf)
    __2sprintf                               0x080033e5   Thumb Code     0  printfa.o(i.__0sprintf)
    __c89sprintf                             0x080033e5   Thumb Code     0  printfa.o(i.__0sprintf)
    sprintf                                  0x080033e5   Thumb Code     0  printfa.o(i.__0sprintf)
    __0vsprintf                              0x0800340d   Thumb Code    30  printfa.o(i.__0vsprintf)
    __1vsprintf                              0x0800340d   Thumb Code     0  printfa.o(i.__0vsprintf)
    __2vsprintf                              0x0800340d   Thumb Code     0  printfa.o(i.__0vsprintf)
    __c89vsprintf                            0x0800340d   Thumb Code     0  printfa.o(i.__0vsprintf)
    vsprintf                                 0x0800340d   Thumb Code     0  printfa.o(i.__0vsprintf)
    __ARM_fpclassify                         0x08003431   Thumb Code    40  fpclassify.o(i.__ARM_fpclassify)
    __kernel_poly                            0x08003459   Thumb Code   170  poly.o(i.__kernel_poly)
    __mathlib_dbl_divzero                    0x08003505   Thumb Code    12  dunder.o(i.__mathlib_dbl_divzero)
    __mathlib_dbl_infnan                     0x08003515   Thumb Code     6  dunder.o(i.__mathlib_dbl_infnan)
    __mathlib_dbl_infnan2                    0x0800351b   Thumb Code     4  dunder.o(i.__mathlib_dbl_infnan2)
    __mathlib_dbl_invalid                    0x0800351f   Thumb Code    12  dunder.o(i.__mathlib_dbl_invalid)
    __mathlib_dbl_overflow                   0x0800352b   Thumb Code    14  dunder.o(i.__mathlib_dbl_overflow)
    __mathlib_dbl_underflow                  0x08003539   Thumb Code    10  dunder.o(i.__mathlib_dbl_underflow)
    __scatterload_copy                       0x08003549   Thumb Code    14  handlers.o(i.__scatterload_copy)
    __scatterload_null                       0x08003557   Thumb Code     2  handlers.o(i.__scatterload_null)
    __scatterload_zeroinit                   0x08003559   Thumb Code    14  handlers.o(i.__scatterload_zeroinit)
    __set_errno                              0x08003569   Thumb Code     6  errno.o(i.__set_errno)
    _dwt_configlde                           0x08003575   Thumb Code    48  deca_device.o(i._dwt_configlde)
    _dwt_enableclocks                        0x080035a5   Thumb Code   194  deca_device.o(i._dwt_enableclocks)
    _dwt_loaducodefromrom                    0x08003667   Thumb Code    52  deca_device.o(i._dwt_loaducodefromrom)
    _dwt_otpread                             0x0800369b   Thumb Code    70  deca_device.o(i._dwt_otpread)
    asin                                     0x08003f8d   Thumb Code   572  asin.o(i.asin)
    atk_8266_check_cmd                       0x080041fd   Thumb Code    30  waificmd.o(i.atk_8266_check_cmd)
    atk_8266_send_cmd                        0x08004225   Thumb Code    76  waificmd.o(i.atk_8266_send_cmd)
    atk_8266_send_data                       0x0800427d   Thumb Code    76  waificmd.o(i.atk_8266_send_data)
    deca_sleep                               0x080042d1   Thumb Code    24  deca_sleep.o(i.deca_sleep)
    decamutexoff                             0x080042e9   Thumb Code    18  deca_mutex.o(i.decamutexoff)
    decamutexon                              0x080042fb   Thumb Code    26  deca_mutex.o(i.decamutexon)
    drv_lis2dh12_get_angle                   0x08004315   Thumb Code   288  lis2dh12.o(i.drv_lis2dh12_get_angle)
    drv_lis2dh12_iic_read_byte               0x08004445   Thumb Code   266  lis2dh12.o(i.drv_lis2dh12_iic_read_byte)
    drv_lis2dh12_iic_write_byte              0x08004561   Thumb Code    18  lis2dh12.o(i.drv_lis2dh12_iic_write_byte)
    drv_lis2dh12_init                        0x08004579   Thumb Code    70  lis2dh12.o(i.drv_lis2dh12_init)
    dwt_configure                            0x080045c1   Thumb Code   490  deca_device.o(i.dwt_configure)
    dwt_entersleepaftertx                    0x080047d9   Thumb Code    36  deca_device.o(i.dwt_entersleepaftertx)
    dwt_forcetrxoff                          0x080047fd   Thumb Code    86  deca_device.o(i.dwt_forcetrxoff)
    dwt_initialise                           0x0800485d   Thumb Code   208  deca_device.o(i.dwt_initialise)
    dwt_read16bitoffsetreg                   0x08004935   Thumb Code    38  deca_device.o(i.dwt_read16bitoffsetreg)
    dwt_read32bitoffsetreg                   0x0800495b   Thumb Code    38  deca_device.o(i.dwt_read32bitoffsetreg)
    dwt_readdevid                            0x08004981   Thumb Code     8  deca_device.o(i.dwt_readdevid)
    dwt_readfromdevice                       0x08004989   Thumb Code    58  deca_device.o(i.dwt_readfromdevice)
    dwt_readrxdata                           0x080049c3   Thumb Code    18  deca_device.o(i.dwt_readrxdata)
    dwt_readrxtimestamp                      0x080049d5   Thumb Code    12  deca_device.o(i.dwt_readrxtimestamp)
    dwt_readtxtimestamp                      0x080049e1   Thumb Code    12  deca_device.o(i.dwt_readtxtimestamp)
    dwt_rxenable                             0x080049ed   Thumb Code    80  deca_device.o(i.dwt_rxenable)
    dwt_setdelayedtrxtime                    0x08004a3d   Thumb Code    10  deca_device.o(i.dwt_setdelayedtrxtime)
    dwt_setleds                              0x08004a47   Thumb Code   184  deca_device.o(i.dwt_setleds)
    dwt_setrxaftertxdelay                    0x08004aff   Thumb Code    34  deca_device.o(i.dwt_setrxaftertxdelay)
    dwt_setrxantennadelay                    0x08004b21   Thumb Code    12  deca_device.o(i.dwt_setrxantennadelay)
    dwt_setrxtimeout                         0x08004b2d   Thumb Code    84  deca_device.o(i.dwt_setrxtimeout)
    dwt_settxantennadelay                    0x08004b85   Thumb Code    10  deca_device.o(i.dwt_settxantennadelay)
    dwt_starttx                              0x08004b91   Thumb Code   142  deca_device.o(i.dwt_starttx)
    dwt_syncrxbufptrs                        0x08004c25   Thumb Code    52  deca_device.o(i.dwt_syncrxbufptrs)
    dwt_write16bitoffsetreg                  0x08004c59   Thumb Code    26  deca_device.o(i.dwt_write16bitoffsetreg)
    dwt_write32bitoffsetreg                  0x08004c73   Thumb Code    30  deca_device.o(i.dwt_write32bitoffsetreg)
    dwt_writetodevice                        0x08004c91   Thumb Code    62  deca_device.o(i.dwt_writetodevice)
    dwt_writetxdata                          0x08004ccf   Thumb Code    34  deca_device.o(i.dwt_writetxdata)
    dwt_writetxfctrl                         0x08004cf1   Thumb Code    24  deca_device.o(i.dwt_writetxfctrl)
    dwt_xtaltrim                             0x08004d0d   Thumb Code    48  deca_device.o(i.dwt_xtaltrim)
    exit_get                                 0x08004d3d   Thumb Code    96  exit_user.o(i.exit_get)
    exit_infrared_get                        0x08004dcd   Thumb Code    68  exit_user.o(i.exit_infrared_get)
    exit_init                                0x08004e1d   Thumb Code    76  exit_user.o(i.exit_init)
    exit_key_get                             0x08004e71   Thumb Code   258  exit_user.o(i.exit_key_get)
    fputc                                    0x08004f95   Thumb Code    38  user_uwb.o(i.fputc)
    hal_i2c1_read_data                       0x08004fc1   Thumb Code   322  lcd_oled.o(i.hal_i2c1_read_data)
    hal_i2c1_send_data                       0x08005111   Thumb Code    50  lcd_oled.o(i.hal_i2c1_send_data)
    hal_i2c1_send_data1                      0x08005145   Thumb Code   158  lcd_oled.o(i.hal_i2c1_send_data1)
    main                                     0x080051f5   Thumb Code  2044  main.o(i.main)
    menu_olde_show                           0x08005a49   Thumb Code  1822  menu.o(i.menu_olde_show)
    oled_clear                               0x0800616d   Thumb Code    36  lcd_oled.o(i.oled_clear)
    oled_init                                0x08006195   Thumb Code   238  lcd_oled.o(i.oled_init)
    oled_pow                                 0x08006283   Thumb Code    16  lcd_oled.o(i.oled_pow)
    peripherals_init                         0x08006293   Thumb Code    72  port.o(i.peripherals_init)
    portGetTickCnt                           0x080062dd   Thumb Code     6  port.o(i.portGetTickCnt)
    pow                                      0x080062e9   Thumb Code  2512  pow.o(i.pow)
    print_data                               0x08006cc1   Thumb Code     2  user_uwb.o(i.print_data)
    readfromspi_serial                       0x08006cc5   Thumb Code   114  deca_spi.o(i.readfromspi_serial)
    reset_DW1000                             0x08006d41   Thumb Code    70  port.o(i.reset_DW1000)
    spi_set_rate_high                        0x08006d8d   Thumb Code     6  port.o(i.spi_set_rate_high)
    spi_set_rate_low                         0x08006d93   Thumb Code     6  port.o(i.spi_set_rate_low)
    sqrt                                     0x08006d99   Thumb Code    76  sqrt.o(i.sqrt)
    u3_printf                                0x08006de5   Thumb Code    68  usart3.o(i.u3_printf)
    usart3_init                              0x08006e31   Thumb Code   178  usart3.o(i.usart3_init)
    usartinit                                0x08006ef1   Thumb Code    42  port.o(i.usartinit)
    user_dwb_init                            0x08006f1d   Thumb Code   184  user_uwb.o(i.user_dwb_init)
    user_uwb_ruing                           0x08007019   Thumb Code    34  user_uwb.o(i.user_uwb_ruing)
    writetospi_serial                        0x08007045   Thumb Code    90  deca_spi.o(i.writetospi_serial)
    TabHL1                                   0x080070ad   Data          12  user_tim.o(.constdata)
    MODE                                     0x080070d9   Data          12  waificmd.o(.constdata)
    SAP                                      0x080070e5   Data          30  waificmd.o(.constdata)
    MUX                                      0x08007103   Data          12  waificmd.o(.constdata)
    SERVER                                   0x0800710f   Data          20  waificmd.o(.constdata)
    COM_TX_PIN                               0x0800712c   Data           4  stm32_eval.o(.constdata)
    COM_RX_PIN                               0x08007130   Data           4  stm32_eval.o(.constdata)
    GPIO_PIN                                 0x08007134   Data           8  stm32_eval.o(.constdata)
    COM_USART_CLK                            0x0800713c   Data           8  stm32_eval.o(.constdata)
    COM_TX_PORT_CLK                          0x08007144   Data           8  stm32_eval.o(.constdata)
    COM_RX_PORT_CLK                          0x0800714c   Data           8  stm32_eval.o(.constdata)
    GPIO_CLK                                 0x08007154   Data          16  stm32_eval.o(.constdata)
    BUTTON_PIN                               0x08007164   Data          16  stm32_eval.o(.constdata)
    BUTTON_CLK                               0x08007174   Data          32  stm32_eval.o(.constdata)
    BUTTON_EXTI_LINE                         0x08007194   Data          16  stm32_eval.o(.constdata)
    BUTTON_PORT_SOURCE                       0x080071a4   Data          16  stm32_eval.o(.constdata)
    BUTTON_PIN_SOURCE                        0x080071b4   Data          16  stm32_eval.o(.constdata)
    BUTTON_IRQn                              0x080071c4   Data          16  stm32_eval.o(.constdata)
    CN16CHAR                                 0x080071d4   Data        3502  lcd_oled.o(.constdata)
    F6x8                                     0x08007f82   Data         552  lcd_oled.o(.constdata)
    F8X16                                    0x080081aa   Data        1615  lcd_oled.o(.constdata)
    chan_idx                                 0x080087f9   Data           8  deca_params_init.o(.constdata)
    tx_config                                0x08008804   Data          24  deca_params_init.o(.constdata)
    pll2_config                              0x0800881c   Data          30  deca_params_init.o(.constdata)
    rx_config                                0x0800883a   Data           2  deca_params_init.o(.constdata)
    agc_config                               0x0800883c   Data           8  deca_params_init.o(.constdata)
    dwnsSFDlen                               0x08008844   Data           3  deca_params_init.o(.constdata)
    sftsh                                    0x08008848   Data          12  deca_params_init.o(.constdata)
    dtune1                                   0x08008854   Data           4  deca_params_init.o(.constdata)
    digital_bb_config                        0x08008858   Data          32  deca_params_init.o(.constdata)
    lde_replicaCoeff                         0x08008878   Data          50  deca_params_init.o(.constdata)
    __mathlib_zero                           0x08008998   Data           8  qnan.o(.constdata)
    __ctype_categories                       0x080089a0   Data          64  ctype_c.o(.constdata)
    Region$$Table$$Base                      0x08008ab8   Number         0  anon$$obj.o(Region$$Table)
    Region$$Table$$Limit                     0x08008ad8   Number         0  anon$$obj.o(Region$$Table)
    time32_incr                              0x20000000   Data           4  stm32f10x_it.o(.data)
    RmtSta                                   0x20000008   Data           1  user_tim.o(.data)
    RmtCnt                                   0x20000009   Data           1  user_tim.o(.data)
    Dval                                     0x2000000c   Data           2  user_tim.o(.data)
    RmtRec                                   0x20000014   Data           4  user_tim.o(.data)
    Semaphore                                0x20000025   Data           2  user_uwb.o(.data)
    USART3_RX_STA                            0x200000b2   Data           2  usart3.o(.data)
    tim_iqrcounter                           0x200000b4   Data           2  usart3.o(.data)
    user_show                                0x200000c4   Data         104  menu.o(.data)
    SystemCoreClock                          0x20000140   Data           4  system_stm32f10x.o(.data)
    AHBPrescTable                            0x20000144   Data          16  system_stm32f10x.o(.data)
    COM_USART                                0x20000154   Data           8  stm32_eval.o(.data)
    COM_TX_PORT                              0x2000015c   Data           8  stm32_eval.o(.data)
    COM_RX_PORT                              0x20000164   Data           8  stm32_eval.o(.data)
    GPIO_PORT                                0x2000016c   Data          16  stm32_eval.o(.data)
    BUTTON_PORT                              0x2000017c   Data          32  stm32_eval.o(.data)
    IIc_flag                                 0x2000019c   Data           4  lcd_oled.o(.data)
    __stdout                                 0x200001a0   Data           4  stdout.o(.data)
    u_control                                0x200001a8   Data         176  main.o(.bss)
    USERE_TIME_USECOUNT                      0x20000a58   Data          16  user_tim.o(.bss)
    udata                                    0x20000a80   Data          44  user_uwb.o(.bss)
    udata_slave                              0x20000aac   Data         176  user_uwb.o(.bss)
    Value_Buf                                0x20000b5c   Data         100  user_uwb.o(.bss)
    filter_index                             0x20000bc0   Data          20  user_uwb.o(.bss)
    AnchorList                               0x20000c08   Data          96  user_uwb.o(.bss)
    Anthordistance                           0x20000c68   Data          16  user_uwb.o(.bss)
    Anthordistance_count                     0x20000c78   Data          16  user_uwb.o(.bss)
    USART3_RX_BUF                            0x20000c88   Data         600  usart3.o(.bss)
    USART3_TX_BUF                            0x20000ee0   Data         600  usart3.o(.bss)
    user_menu                                0x20001138   Data          10  menu.o(.bss)
    I2C_InitStructure                        0x2000115c   Data          16  port.o(.bss)
    _SEGGER_RTT                              0x200015a8   Data         168  segger_rtt.o(.bss)
    __initial_sp                             0x20002060   Data           0  startup_stm32f10x_hd.o(STACK)



==============================================================================

Memory Map of the image

  Image Entry point : 0x08000131

  Load Region LR_IROM1 (Base: 0x08000000, Size: 0x00008c80, Max: 0x00010000, ABSOLUTE, COMPRESSED[0x00008b8c])

    Execution Region ER_IROM1 (Exec base: 0x08000000, Load base: 0x08000000, Size: 0x00008ad8, Max: 0x00010000, ABSOLUTE)

    Exec Addr    Load Addr    Size         Type   Attr      Idx    E Section Name        Object

    0x08000000   0x08000000   0x00000130   Data   RO         5502    RESET               startup_stm32f10x_hd.o
    0x08000130   0x08000130   0x00000000   Code   RO         7040  * .ARM.Collect$$$$00000000  mc_w.l(entry.o)
    0x08000130   0x08000130   0x00000004   Code   RO         7417    .ARM.Collect$$$$00000001  mc_w.l(entry2.o)
    0x08000134   0x08000134   0x00000004   Code   RO         7420    .ARM.Collect$$$$00000004  mc_w.l(entry5.o)
    0x08000138   0x08000138   0x00000000   Code   RO         7422    .ARM.Collect$$$$00000008  mc_w.l(entry7b.o)
    0x08000138   0x08000138   0x00000000   Code   RO         7424    .ARM.Collect$$$$0000000A  mc_w.l(entry8b.o)
    0x08000138   0x08000138   0x00000008   Code   RO         7425    .ARM.Collect$$$$0000000B  mc_w.l(entry9a.o)
    0x08000140   0x08000140   0x00000004   Code   RO         7432    .ARM.Collect$$$$0000000E  mc_w.l(entry12b.o)
    0x08000144   0x08000144   0x00000000   Code   RO         7427    .ARM.Collect$$$$0000000F  mc_w.l(entry10a.o)
    0x08000144   0x08000144   0x00000000   Code   RO         7429    .ARM.Collect$$$$00000011  mc_w.l(entry11a.o)
    0x08000144   0x08000144   0x00000004   Code   RO         7418    .ARM.Collect$$$$00002712  mc_w.l(entry2.o)
    0x08000148   0x08000148   0x00000024   Code   RO         5503    .text               startup_stm32f10x_hd.o
    0x0800016c   0x0800016c   0x00000024   Code   RO         7049    .text               mc_w.l(memcpya.o)
    0x08000190   0x08000190   0x00000024   Code   RO         7051    .text               mc_w.l(memseta.o)
    0x080001b4   0x080001b4   0x00000024   Code   RO         7053    .text               mc_w.l(strstr.o)
    0x080001d8   0x080001d8   0x0000000e   Code   RO         7055    .text               mc_w.l(strlen.o)
    0x080001e6   0x080001e6   0x0000001a   Code   RO         7057    .text               mc_w.l(memcmp.o)
    0x08000200   0x08000200   0x00000012   Code   RO         7059    .text               mc_w.l(strcpy.o)
    0x08000212   0x08000212   0x0000001e   Code   RO         7061    .text               mc_w.l(strncmp.o)
    0x08000230   0x08000230   0x00000038   Code   RO         7354    .text               mc_w.l(__0sscanf.o)
    0x08000268   0x08000268   0x0000014c   Code   RO         7356    .text               mc_w.l(_scanf_int.o)
    0x080003b4   0x080003b4   0x000000b0   Code   RO         7358    .text               mf_w.l(fadd.o)
    0x08000464   0x08000464   0x00000064   Code   RO         7360    .text               mf_w.l(fmul.o)
    0x080004c8   0x080004c8   0x0000007c   Code   RO         7362    .text               mf_w.l(fdiv.o)
    0x08000544   0x08000544   0x0000014e   Code   RO         7366    .text               mf_w.l(dadd.o)
    0x08000692   0x08000692   0x000000e4   Code   RO         7368    .text               mf_w.l(dmul.o)
    0x08000776   0x08000776   0x000000de   Code   RO         7370    .text               mf_w.l(ddiv.o)
    0x08000854   0x08000854   0x0000002e   Code   RO         7372    .text               mf_w.l(dscalb.o)
    0x08000882   0x08000882   0x00000012   Code   RO         7374    .text               mf_w.l(fflti.o)
    0x08000894   0x08000894   0x0000000a   Code   RO         7376    .text               mf_w.l(ffltui.o)
    0x0800089e   0x0800089e   0x00000022   Code   RO         7378    .text               mf_w.l(dflti.o)
    0x080008c0   0x080008c0   0x00000032   Code   RO         7382    .text               mf_w.l(ffixi.o)
    0x080008f2   0x080008f2   0x00000028   Code   RO         7384    .text               mf_w.l(ffixui.o)
    0x0800091a   0x0800091a   0x00000026   Code   RO         7388    .text               mf_w.l(f2d.o)
    0x08000940   0x08000940   0x00000030   Code   RO         7392    .text               mf_w.l(cdrcmple.o)
    0x08000970   0x08000970   0x00000038   Code   RO         7394    .text               mf_w.l(d2f.o)
    0x080009a8   0x080009a8   0x00000014   Code   RO         7396    .text               mf_w.l(cfrcmple.o)
    0x080009bc   0x080009bc   0x0000002c   Code   RO         7434    .text               mc_w.l(uidiv.o)
    0x080009e8   0x080009e8   0x00000062   Code   RO         7436    .text               mc_w.l(uldiv.o)
    0x08000a4a   0x08000a4a   0x0000001e   Code   RO         7438    .text               mc_w.l(llshl.o)
    0x08000a68   0x08000a68   0x00000020   Code   RO         7440    .text               mc_w.l(llushr.o)
    0x08000a88   0x08000a88   0x00000024   Code   RO         7442    .text               mc_w.l(llsshr.o)
    0x08000aac   0x08000aac   0x0000001c   Code   RO         7453    .text               mc_w.l(_chval.o)
    0x08000ac8   0x08000ac8   0x00000028   Code   RO         7455    .text               mc_w.l(scanf_char.o)
    0x08000af0   0x08000af0   0x00000040   Code   RO         7457    .text               mc_w.l(_sgetc.o)
    0x08000b30   0x08000b30   0x00000000   Code   RO         7459    .text               mc_w.l(iusefp.o)
    0x08000b30   0x08000b30   0x0000006e   Code   RO         7460    .text               mf_w.l(fepilogue.o)
    0x08000b9e   0x08000b9e   0x000000ba   Code   RO         7462    .text               mf_w.l(depilogue.o)
    0x08000c58   0x08000c58   0x000000a2   Code   RO         7464    .text               mf_w.l(dsqrt.o)
    0x08000cfa   0x08000cfa   0x00000030   Code   RO         7466    .text               mf_w.l(dfixul.o)
    0x08000d2a   0x08000d2a   0x00000002   PAD
    0x08000d2c   0x08000d2c   0x00000024   Code   RO         7468    .text               mc_w.l(init.o)
    0x08000d50   0x08000d50   0x0000000a   Code   RO         7470    .text               mc_w.l(isspace_c.o)
    0x08000d5a   0x08000d5a   0x00000002   PAD
    0x08000d5c   0x08000d5c   0x00000330   Code   RO         7472    .text               mc_w.l(_scanf.o)
    0x0800108c   0x0800108c   0x00000028   Code   RO         7474    .text               mc_w.l(ctype_c.o)
    0x080010b4   0x080010b4   0x00000056   Code   RO         7485    .text               mc_w.l(__dczerorl2.o)
    0x0800110a   0x0800110a   0x00000002   Code   RO            1    i.BusFault_Handler  stm32f10x_it.o
    0x0800110c   0x0800110c   0x00000002   Code   RO            2    i.DebugMon_Handler  stm32f10x_it.o
    0x0800110e   0x0800110e   0x00000002   PAD
    0x08001110   0x08001110   0x00000068   Code   RO         1407    i.EXTI9_5_IRQHandler  exit_user.o
    0x08001178   0x08001178   0x0000000c   Code   RO         1905    i.EXTI_ClearITPendingBit  stm32f10x_exti.o
    0x08001184   0x08001184   0x00000014   Code   RO         5614    i.EXTI_GetITEnStatus  port.o
    0x08001198   0x08001198   0x00000020   Code   RO         1909    i.EXTI_GetITStatus  stm32f10x_exti.o
    0x080011b8   0x080011b8   0x000000ec   Code   RO         5615    i.GPIO_Configuration  port.o
    0x080012a4   0x080012a4   0x000000a2   Code   RO         1751    i.GPIO_Init         stm32f10x_gpio.o
    0x08001346   0x08001346   0x00000002   PAD
    0x08001348   0x08001348   0x00000058   Code   RO         1753    i.GPIO_PinRemapConfig  stm32f10x_gpio.o
    0x080013a0   0x080013a0   0x0000000e   Code   RO         1755    i.GPIO_ReadInputDataBit  stm32f10x_gpio.o
    0x080013ae   0x080013ae   0x00000004   Code   RO         1758    i.GPIO_ResetBits    stm32f10x_gpio.o
    0x080013b2   0x080013b2   0x00000004   Code   RO         1759    i.GPIO_SetBits      stm32f10x_gpio.o
    0x080013b6   0x080013b6   0x00000002   Code   RO            3    i.HardFault_Handler  stm32f10x_it.o
    0x080013b8   0x080013b8   0x00000014   Code   RO         2679    i.I2C_AcknowledgeConfig  stm32f10x_i2c.o
    0x080013cc   0x080013cc   0x00000018   Code   RO         2681    i.I2C_CheckEvent    stm32f10x_i2c.o
    0x080013e4   0x080013e4   0x00000014   Code   RO         2684    i.I2C_Cmd           stm32f10x_i2c.o
    0x080013f8   0x080013f8   0x0000002c   Code   RO         2687    i.I2C_DeInit        stm32f10x_i2c.o
    0x08001424   0x08001424   0x00000014   Code   RO         2691    i.I2C_GenerateSTART  stm32f10x_i2c.o
    0x08001438   0x08001438   0x00000014   Code   RO         2692    i.I2C_GenerateSTOP  stm32f10x_i2c.o
    0x0800144c   0x0800144c   0x0000002a   Code   RO         2693    i.I2C_GetFlagStatus  stm32f10x_i2c.o
    0x08001476   0x08001476   0x00000002   PAD
    0x08001478   0x08001478   0x000000bc   Code   RO         2698    i.I2C_Init          stm32f10x_i2c.o
    0x08001534   0x08001534   0x00000016   Code   RO         2699    i.I2C_NACKPositionConfig  stm32f10x_i2c.o
    0x0800154a   0x0800154a   0x00000006   Code   RO         2703    i.I2C_ReceiveData   stm32f10x_i2c.o
    0x08001550   0x08001550   0x00000010   Code   RO         2705    i.I2C_Send7bitAddress  stm32f10x_i2c.o
    0x08001560   0x08001560   0x00000004   Code   RO         2706    i.I2C_SendData      stm32f10x_i2c.o
    0x08001564   0x08001564   0x000000c8   Code   RO         5796    i.I2C_WriteOneByte  lcd_oled.o
    0x0800162c   0x0800162c   0x0000007c   Code   RO         5616    i.MX_I2C1_Init      port.o
    0x080016a8   0x080016a8   0x00000002   Code   RO            4    i.MemManage_Handler  stm32f10x_it.o
    0x080016aa   0x080016aa   0x00000002   Code   RO            5    i.NMI_Handler       stm32f10x_it.o
    0x080016ac   0x080016ac   0x00000064   Code   RO         1865    i.NVIC_Init         misc.o
    0x08001710   0x08001710   0x00000014   Code   RO         1866    i.NVIC_PriorityGroupConfig  misc.o
    0x08001724   0x08001724   0x00000020   Code   RO         5619    i.NVIC_SetPriority  port.o
    0x08001744   0x08001744   0x00000018   Code   RO         5797    i.OLED_Clear        lcd_oled.o
    0x0800175c   0x0800175c   0x0000004c   Code   RO         5801    i.OLED_DrawMem      lcd_oled.o
    0x080017a8   0x080017a8   0x000000fa   Code   RO         5802    i.OLED_Init         lcd_oled.o
    0x080018a2   0x080018a2   0x0000002c   Code   RO         5803    i.OLED_Set_Pos      lcd_oled.o
    0x080018ce   0x080018ce   0x00000002   PAD
    0x080018d0   0x080018d0   0x00000078   Code   RO         5804    i.OLED_ShowCH       lcd_oled.o
    0x08001948   0x08001948   0x00000040   Code   RO         5805    i.OLED_ShowCHinese  lcd_oled.o
    0x08001988   0x08001988   0x0000007c   Code   RO         5806    i.OLED_ShowChar     lcd_oled.o
    0x08001a04   0x08001a04   0x0000006a   Code   RO         5807    i.OLED_ShowNum      lcd_oled.o
    0x08001a6e   0x08001a6e   0x00000002   PAD
    0x08001a70   0x08001a70   0x0000002c   Code   RO         5809    i.OLED_WR_Byte      lcd_oled.o
    0x08001a9c   0x08001a9c   0x00000002   Code   RO            6    i.PendSV_Handler    stm32f10x_it.o
    0x08001a9e   0x08001a9e   0x00000002   PAD
    0x08001aa0   0x08001aa0   0x00000018   Code   RO         1478    i.RCC_APB1PeriphClockCmd  stm32f10x_rcc.o
    0x08001ab8   0x08001ab8   0x00000018   Code   RO         1479    i.RCC_APB1PeriphResetCmd  stm32f10x_rcc.o
    0x08001ad0   0x08001ad0   0x00000018   Code   RO         1480    i.RCC_APB2PeriphClockCmd  stm32f10x_rcc.o
    0x08001ae8   0x08001ae8   0x00000018   Code   RO         1481    i.RCC_APB2PeriphResetCmd  stm32f10x_rcc.o
    0x08001b00   0x08001b00   0x000000a0   Code   RO         1488    i.RCC_GetClocksFreq  stm32f10x_rcc.o
    0x08001ba0   0x08001ba0   0x00000068   Code   RO          519    i.RTK8266_init      waificmd.o
    0x08001c08   0x08001c08   0x00000038   Code   RO         6796    i.SEGGER_RTT_Write  segger_rtt.o
    0x08001c40   0x08001c40   0x0000005c   Code   RO         6797    i.SEGGER_RTT_WriteNoLock  segger_rtt.o
    0x08001c9c   0x08001c9c   0x00000016   Code   RO         6968    i.SEGGER_RTT_printf  segger_rtt_printf.o
    0x08001cb2   0x08001cb2   0x00000196   Code   RO         6969    i.SEGGER_RTT_vprintf  segger_rtt_printf.o
    0x08001e48   0x08001e48   0x00000074   Code   RO         5810    i.SHT20_init        lcd_oled.o
    0x08001ebc   0x08001ebc   0x000000b8   Code   RO         5811    i.SHT20_read_hum    lcd_oled.o
    0x08001f74   0x08001f74   0x000000b8   Code   RO         5812    i.SHT20_read_tem    lcd_oled.o
    0x0800202c   0x0800202c   0x00000014   Code   RO         5623    i.SPI_ChangeRate    port.o
    0x08002040   0x08002040   0x00000014   Code   RO         1966    i.SPI_Cmd           stm32f10x_spi.o
    0x08002054   0x08002054   0x000000b0   Code   RO         5625    i.SPI_Configuration  port.o
    0x08002104   0x08002104   0x00000054   Code   RO         1973    i.SPI_I2S_DeInit    stm32f10x_spi.o
    0x08002158   0x08002158   0x0000000e   Code   RO         1974    i.SPI_I2S_GetFlagStatus  stm32f10x_spi.o
    0x08002166   0x08002166   0x00000038   Code   RO         1979    i.SPI_Init          stm32f10x_spi.o
    0x0800219e   0x0800219e   0x00000014   Code   RO         1981    i.SPI_SSOutputCmd   stm32f10x_spi.o
    0x080021b2   0x080021b2   0x00000002   PAD
    0x080021b4   0x080021b4   0x000000a4   Code   RO         4589    i.STM_EVAL_COMInit  stm32_eval.o
    0x08002258   0x08002258   0x00000018   Code   RO         4591    i.STM_EVAL_LEDOff   stm32_eval.o
    0x08002270   0x08002270   0x00000018   Code   RO         4592    i.STM_EVAL_LEDOn    stm32_eval.o
    0x08002288   0x08002288   0x00000002   Code   RO            7    i.SVC_Handler       stm32f10x_it.o
    0x0800228a   0x0800228a   0x00000002   PAD
    0x0800228c   0x0800228c   0x00000014   Code   RO          388    i.Semaphore_Init    user_uwb.o
    0x080022a0   0x080022a0   0x000000a8   Code   RO         4553    i.SetSysClockTo72   system_stm32f10x.o
    0x08002348   0x08002348   0x00000044   Code   RO         5626    i.SysTick_Configuration  port.o
    0x0800238c   0x0800238c   0x00000010   Code   RO            8    i.SysTick_Handler   stm32f10x_it.o
    0x0800239c   0x0800239c   0x00000050   Code   RO         4555    i.SystemInit        system_stm32f10x.o
    0x080023ec   0x080023ec   0x0000006c   Code   RO         3952    i.TI1_Config        stm32f10x_tim.o
    0x08002458   0x08002458   0x0000007c   Code   RO         3953    i.TI2_Config        stm32f10x_tim.o
    0x080024d4   0x080024d4   0x00000064   Code   RO          289    i.TIM2_100us_Init   user_tim.o
    0x08002538   0x08002538   0x000000b8   Code   RO          290    i.TIM2_IRQHandler   user_tim.o
    0x080025f0   0x080025f0   0x00000044   Code   RO          291    i.TIM3_IRQHandler   user_tim.o
    0x08002634   0x08002634   0x00000016   Code   RO          292    i.TIM3_Int_Init     user_tim.o
    0x0800264a   0x0800264a   0x00000002   PAD
    0x0800264c   0x0800264c   0x00000148   Code   RO          293    i.TIM4_IRQHandler   user_tim.o
    0x08002794   0x08002794   0x00000006   Code   RO         3961    i.TIM_ClearITPendingBit  stm32f10x_tim.o
    0x0800279a   0x0800279a   0x00000014   Code   RO         3966    i.TIM_Cmd           stm32f10x_tim.o
    0x080027ae   0x080027ae   0x00000004   Code   RO         3983    i.TIM_GetCapture3   stm32f10x_tim.o
    0x080027b2   0x080027b2   0x00000018   Code   RO         3987    i.TIM_GetITStatus   stm32f10x_tim.o
    0x080027ca   0x080027ca   0x00000002   PAD
    0x080027cc   0x080027cc   0x0000012c   Code   RO         3989    i.TIM_ICInit        stm32f10x_tim.o
    0x080028f8   0x080028f8   0x00000010   Code   RO         3991    i.TIM_ITConfig      stm32f10x_tim.o
    0x08002908   0x08002908   0x00000014   Code   RO         4007    i.TIM_OC3PolarityConfig  stm32f10x_tim.o
    0x0800291c   0x0800291c   0x00000004   Code   RO         4031    i.TIM_SetCounter    stm32f10x_tim.o
    0x08002920   0x08002920   0x00000010   Code   RO         4032    i.TIM_SetIC1Prescaler  stm32f10x_tim.o
    0x08002930   0x08002930   0x00000018   Code   RO         4033    i.TIM_SetIC2Prescaler  stm32f10x_tim.o
    0x08002948   0x08002948   0x00000010   Code   RO         4034    i.TIM_SetIC3Prescaler  stm32f10x_tim.o
    0x08002958   0x08002958   0x00000018   Code   RO         4035    i.TIM_SetIC4Prescaler  stm32f10x_tim.o
    0x08002970   0x08002970   0x0000009c   Code   RO         4037    i.TIM_TimeBaseInit  stm32f10x_tim.o
    0x08002a0c   0x08002a0c   0x0000038c   Code   RO          390    i.Tag_Measure_Dis   user_uwb.o
    0x08002d98   0x08002d98   0x0000008c   Code   RO          294    i.Tim4_Init         user_tim.o
    0x08002e24   0x08002e24   0x00000048   Code   RO          520    i.Tx_Data           waificmd.o
    0x08002e6c   0x08002e6c   0x00000060   Code   RO          604    i.USART3_IRQHandler  usart3.o
    0x08002ecc   0x08002ecc   0x00000006   Code   RO         2231    i.USART_ClearFlag   stm32f10x_usart.o
    0x08002ed2   0x08002ed2   0x00000014   Code   RO         2235    i.USART_Cmd         stm32f10x_usart.o
    0x08002ee6   0x08002ee6   0x00000002   PAD
    0x08002ee8   0x08002ee8   0x00000074   Code   RO         2237    i.USART_DeInit      stm32f10x_usart.o
    0x08002f5c   0x08002f5c   0x0000000e   Code   RO         2238    i.USART_GetFlagStatus  stm32f10x_usart.o
    0x08002f6a   0x08002f6a   0x0000003e   Code   RO         2239    i.USART_GetITStatus  stm32f10x_usart.o
    0x08002fa8   0x08002fa8   0x00000030   Code   RO         2241    i.USART_ITConfig    stm32f10x_usart.o
    0x08002fd8   0x08002fd8   0x000000ac   Code   RO         2242    i.USART_Init        stm32f10x_usart.o
    0x08003084   0x08003084   0x00000008   Code   RO         2249    i.USART_ReceiveData  stm32f10x_usart.o
    0x0800308c   0x0800308c   0x00000008   Code   RO         2252    i.USART_SendData    stm32f10x_usart.o
    0x08003094   0x08003094   0x00000002   Code   RO            9    i.UsageFault_Handler  stm32f10x_it.o
    0x08003096   0x08003096   0x00000002   PAD
    0x08003098   0x08003098   0x00000068   Code   RO         6801    i._DoInit           segger_rtt.o
    0x08003100   0x08003100   0x00000016   Code   RO         6802    i._GetAvailWriteSpace  segger_rtt.o
    0x08003116   0x08003116   0x00000002   PAD
    0x08003118   0x08003118   0x000000c6   Code   RO         6970    i._PrintInt         segger_rtt_printf.o
    0x080031de   0x080031de   0x00000002   PAD
    0x080031e0   0x080031e0   0x000000d4   Code   RO         6971    i._PrintUnsigned    segger_rtt_printf.o
    0x080032b4   0x080032b4   0x0000003e   Code   RO         6972    i._StoreChar        segger_rtt_printf.o
    0x080032f2   0x080032f2   0x0000005a   Code   RO         6804    i._WriteBlocking    segger_rtt.o
    0x0800334c   0x0800334c   0x00000042   Code   RO         6805    i._WriteNoCheck     segger_rtt.o
    0x0800338e   0x0800338e   0x00000002   PAD
    0x08003390   0x08003390   0x00000020   Code   RO         7298    i.__0printf         mc_w.l(printfa.o)
    0x080033b0   0x080033b0   0x00000034   Code   RO         7299    i.__0snprintf       mc_w.l(printfa.o)
    0x080033e4   0x080033e4   0x00000028   Code   RO         7300    i.__0sprintf        mc_w.l(printfa.o)
    0x0800340c   0x0800340c   0x00000024   Code   RO         7304    i.__0vsprintf       mc_w.l(printfa.o)
    0x08003430   0x08003430   0x00000028   Code   RO         7412    i.__ARM_fpclassify  m_ws.l(fpclassify.o)
    0x08003458   0x08003458   0x000000aa   Code   RO         7414    i.__kernel_poly     m_ws.l(poly.o)
    0x08003502   0x08003502   0x00000002   PAD
    0x08003504   0x08003504   0x00000010   Code   RO         7398    i.__mathlib_dbl_divzero  m_ws.l(dunder.o)
    0x08003514   0x08003514   0x00000006   Code   RO         7399    i.__mathlib_dbl_infnan  m_ws.l(dunder.o)
    0x0800351a   0x0800351a   0x00000004   Code   RO         7400    i.__mathlib_dbl_infnan2  m_ws.l(dunder.o)
    0x0800351e   0x0800351e   0x0000000c   Code   RO         7401    i.__mathlib_dbl_invalid  m_ws.l(dunder.o)
    0x0800352a   0x0800352a   0x0000000e   Code   RO         7402    i.__mathlib_dbl_overflow  m_ws.l(dunder.o)
    0x08003538   0x08003538   0x00000010   Code   RO         7404    i.__mathlib_dbl_underflow  m_ws.l(dunder.o)
    0x08003548   0x08003548   0x0000000e   Code   RO         7479    i.__scatterload_copy  mc_w.l(handlers.o)
    0x08003556   0x08003556   0x00000002   Code   RO         7480    i.__scatterload_null  mc_w.l(handlers.o)
    0x08003558   0x08003558   0x0000000e   Code   RO         7481    i.__scatterload_zeroinit  mc_w.l(handlers.o)
    0x08003566   0x08003566   0x00000002   PAD
    0x08003568   0x08003568   0x0000000c   Code   RO         7448    i.__set_errno       mc_w.l(errno.o)
    0x08003574   0x08003574   0x00000030   Code   RO         5959    i._dwt_configlde    deca_device.o
    0x080035a4   0x080035a4   0x000000c2   Code   RO         5961    i._dwt_enableclocks  deca_device.o
    0x08003666   0x08003666   0x00000034   Code   RO         5962    i._dwt_loaducodefromrom  deca_device.o
    0x0800369a   0x0800369a   0x00000046   Code   RO         5964    i._dwt_otpread      deca_device.o
    0x080036e0   0x080036e0   0x00000184   Code   RO         7305    i._fp_digits        mc_w.l(printfa.o)
    0x08003864   0x08003864   0x000006b4   Code   RO         7306    i._printf_core      mc_w.l(printfa.o)
    0x08003f18   0x08003f18   0x00000024   Code   RO         7307    i._printf_post_padding  mc_w.l(printfa.o)
    0x08003f3c   0x08003f3c   0x0000002e   Code   RO         7308    i._printf_pre_padding  mc_w.l(printfa.o)
    0x08003f6a   0x08003f6a   0x00000016   Code   RO         7309    i._snputc           mc_w.l(printfa.o)
    0x08003f80   0x08003f80   0x0000000a   Code   RO         7310    i._sputc            mc_w.l(printfa.o)
    0x08003f8a   0x08003f8a   0x00000002   PAD
    0x08003f8c   0x08003f8c   0x00000270   Code   RO         7003    i.asin              m_ws.l(asin.o)
    0x080041fc   0x080041fc   0x00000028   Code   RO          523    i.atk_8266_check_cmd  waificmd.o
    0x08004224   0x08004224   0x00000058   Code   RO          525    i.atk_8266_send_cmd  waificmd.o
    0x0800427c   0x0800427c   0x00000054   Code   RO          526    i.atk_8266_send_data  waificmd.o
    0x080042d0   0x080042d0   0x00000018   Code   RO         5535    i.deca_sleep        deca_sleep.o
    0x080042e8   0x080042e8   0x00000012   Code   RO         5507    i.decamutexoff      deca_mutex.o
    0x080042fa   0x080042fa   0x0000001a   Code   RO         5508    i.decamutexon       deca_mutex.o
    0x08004314   0x08004314   0x00000130   Code   RO          636    i.drv_lis2dh12_get_angle  lis2dh12.o
    0x08004444   0x08004444   0x0000011c   Code   RO          637    i.drv_lis2dh12_iic_read_byte  lis2dh12.o
    0x08004560   0x08004560   0x00000018   Code   RO          638    i.drv_lis2dh12_iic_write_byte  lis2dh12.o
    0x08004578   0x08004578   0x00000046   Code   RO          639    i.drv_lis2dh12_init  lis2dh12.o
    0x080045be   0x080045be   0x00000002   PAD
    0x080045c0   0x080045c0   0x00000218   Code   RO         5972    i.dwt_configure     deca_device.o
    0x080047d8   0x080047d8   0x00000024   Code   RO         5979    i.dwt_entersleepaftertx  deca_device.o
    0x080047fc   0x080047fc   0x00000060   Code   RO         5980    i.dwt_forcetrxoff   deca_device.o
    0x0800485c   0x0800485c   0x000000d8   Code   RO         5984    i.dwt_initialise    deca_device.o
    0x08004934   0x08004934   0x00000026   Code   RO         5990    i.dwt_read16bitoffsetreg  deca_device.o
    0x0800495a   0x0800495a   0x00000026   Code   RO         5991    i.dwt_read32bitoffsetreg  deca_device.o
    0x08004980   0x08004980   0x00000008   Code   RO         5993    i.dwt_readdevid     deca_device.o
    0x08004988   0x08004988   0x0000003a   Code   RO         5996    i.dwt_readfromdevice  deca_device.o
    0x080049c2   0x080049c2   0x00000012   Code   RO         5997    i.dwt_readrxdata    deca_device.o
    0x080049d4   0x080049d4   0x0000000c   Code   RO         5998    i.dwt_readrxtimestamp  deca_device.o
    0x080049e0   0x080049e0   0x0000000c   Code   RO         6004    i.dwt_readtxtimestamp  deca_device.o
    0x080049ec   0x080049ec   0x00000050   Code   RO         6009    i.dwt_rxenable      deca_device.o
    0x08004a3c   0x08004a3c   0x0000000a   Code   RO         6018    i.dwt_setdelayedtrxtime  deca_device.o
    0x08004a46   0x08004a46   0x000000b8   Code   RO         6021    i.dwt_setleds       deca_device.o
    0x08004afe   0x08004afe   0x00000022   Code   RO         6024    i.dwt_setrxaftertxdelay  deca_device.o
    0x08004b20   0x08004b20   0x0000000c   Code   RO         6025    i.dwt_setrxantennadelay  deca_device.o
    0x08004b2c   0x08004b2c   0x00000058   Code   RO         6027    i.dwt_setrxtimeout  deca_device.o
    0x08004b84   0x08004b84   0x0000000a   Code   RO         6029    i.dwt_settxantennadelay  deca_device.o
    0x08004b8e   0x08004b8e   0x00000002   PAD
    0x08004b90   0x08004b90   0x00000094   Code   RO         6032    i.dwt_starttx       deca_device.o
    0x08004c24   0x08004c24   0x00000034   Code   RO         6033    i.dwt_syncrxbufptrs  deca_device.o
    0x08004c58   0x08004c58   0x0000001a   Code   RO         6034    i.dwt_write16bitoffsetreg  deca_device.o
    0x08004c72   0x08004c72   0x0000001e   Code   RO         6035    i.dwt_write32bitoffsetreg  deca_device.o
    0x08004c90   0x08004c90   0x0000003e   Code   RO         6036    i.dwt_writetodevice  deca_device.o
    0x08004cce   0x08004cce   0x00000022   Code   RO         6037    i.dwt_writetxdata   deca_device.o
    0x08004cf0   0x08004cf0   0x0000001c   Code   RO         6038    i.dwt_writetxfctrl  deca_device.o
    0x08004d0c   0x08004d0c   0x00000030   Code   RO         6039    i.dwt_xtaltrim      deca_device.o
    0x08004d3c   0x08004d3c   0x00000090   Code   RO         1408    i.exit_get          exit_user.o
    0x08004dcc   0x08004dcc   0x00000050   Code   RO         1409    i.exit_infrared_get  exit_user.o
    0x08004e1c   0x08004e1c   0x00000054   Code   RO         1410    i.exit_init         exit_user.o
    0x08004e70   0x08004e70   0x0000010c   Code   RO         1411    i.exit_key_get      exit_user.o
    0x08004f7c   0x08004f7c   0x00000016   Code   RO          395    i.final_msg_set_ts  user_uwb.o
    0x08004f92   0x08004f92   0x00000002   PAD
    0x08004f94   0x08004f94   0x0000002c   Code   RO          396    i.fputc             user_uwb.o
    0x08004fc0   0x08004fc0   0x00000150   Code   RO         5813    i.hal_i2c1_read_data  lcd_oled.o
    0x08005110   0x08005110   0x00000032   Code   RO         5814    i.hal_i2c1_send_data  lcd_oled.o
    0x08005142   0x08005142   0x00000002   PAD
    0x08005144   0x08005144   0x000000b0   Code   RO         5815    i.hal_i2c1_send_data1  lcd_oled.o
    0x080051f4   0x080051f4   0x00000854   Code   RO          155    i.main              main.o
    0x08005a48   0x08005a48   0x00000724   Code   RO         1455    i.menu_olde_show    menu.o
    0x0800616c   0x0800616c   0x00000028   Code   RO         5816    i.oled_clear        lcd_oled.o
    0x08006194   0x08006194   0x000000ee   Code   RO         5817    i.oled_init         lcd_oled.o
    0x08006282   0x08006282   0x00000010   Code   RO         5818    i.oled_pow          lcd_oled.o
    0x08006292   0x08006292   0x00000048   Code   RO         5634    i.peripherals_init  port.o
    0x080062da   0x080062da   0x00000002   PAD
    0x080062dc   0x080062dc   0x0000000c   Code   RO         5635    i.portGetTickCnt    port.o
    0x080062e8   0x080062e8   0x000009d8   Code   RO         7023    i.pow               m_ws.l(pow.o)
    0x08006cc0   0x08006cc0   0x00000002   Code   RO          397    i.print_data        user_uwb.o
    0x08006cc2   0x08006cc2   0x00000002   PAD
    0x08006cc4   0x08006cc4   0x0000007c   Code   RO         5552    i.readfromspi_serial  deca_spi.o
    0x08006d40   0x08006d40   0x0000004c   Code   RO         5636    i.reset_DW1000      port.o
    0x08006d8c   0x08006d8c   0x00000006   Code   RO         5638    i.spi_set_rate_high  port.o
    0x08006d92   0x08006d92   0x00000006   Code   RO         5639    i.spi_set_rate_low  port.o
    0x08006d98   0x08006d98   0x0000004c   Code   RO         7033    i.sqrt              m_ws.l(sqrt.o)
    0x08006de4   0x08006de4   0x0000004c   Code   RO          605    i.u3_printf         usart3.o
    0x08006e30   0x08006e30   0x000000c0   Code   RO          606    i.usart3_init       usart3.o
    0x08006ef0   0x08006ef0   0x0000002a   Code   RO         5640    i.usartinit         port.o
    0x08006f1a   0x08006f1a   0x00000002   PAD
    0x08006f1c   0x08006f1c   0x000000fc   Code   RO          398    i.user_dwb_init     user_uwb.o
    0x08007018   0x08007018   0x0000002c   Code   RO          399    i.user_uwb_ruing    user_uwb.o
    0x08007044   0x08007044   0x00000064   Code   RO         5553    i.writetospi_serial  deca_spi.o
    0x080070a8   0x080070a8   0x00000005   Data   RO          157    .constdata          main.o
    0x080070ad   0x080070ad   0x0000000c   Data   RO          301    .constdata          user_tim.o
    0x080070b9   0x080070b9   0x00000010   Data   RO          303    .constdata          user_tim.o
    0x080070c9   0x080070c9   0x00000010   Data   RO          403    .constdata          user_uwb.o
    0x080070d9   0x080070d9   0x0000004a   Data   RO          529    .constdata          waificmd.o
    0x08007123   0x08007123   0x00000009   Data   RO         1412    .constdata          exit_user.o
    0x0800712c   0x0800712c   0x000000a8   Data   RO         4598    .constdata          stm32_eval.o
    0x080071d4   0x080071d4   0x00001625   Data   RO         5820    .constdata          lcd_oled.o
    0x080087f9   0x080087f9   0x00000008   Data   RO         6463    .constdata          deca_params_init.o
    0x08008801   0x08008801   0x00000003   PAD
    0x08008804   0x08008804   0x00000018   Data   RO         6464    .constdata          deca_params_init.o
    0x0800881c   0x0800881c   0x0000001e   Data   RO         6465    .constdata          deca_params_init.o
    0x0800883a   0x0800883a   0x00000002   Data   RO         6466    .constdata          deca_params_init.o
    0x0800883c   0x0800883c   0x00000008   Data   RO         6467    .constdata          deca_params_init.o
    0x08008844   0x08008844   0x00000003   Data   RO         6468    .constdata          deca_params_init.o
    0x08008847   0x08008847   0x00000001   PAD
    0x08008848   0x08008848   0x0000000c   Data   RO         6469    .constdata          deca_params_init.o
    0x08008854   0x08008854   0x00000004   Data   RO         6470    .constdata          deca_params_init.o
    0x08008858   0x08008858   0x00000020   Data   RO         6471    .constdata          deca_params_init.o
    0x08008878   0x08008878   0x00000032   Data   RO         6472    .constdata          deca_params_init.o
    0x080088aa   0x080088aa   0x00000010   Data   RO         6973    .constdata          segger_rtt_printf.o
    0x080088ba   0x080088ba   0x00000006   PAD
    0x080088c0   0x080088c0   0x00000050   Data   RO         7004    .constdata          m_ws.l(asin.o)
    0x08008910   0x08008910   0x00000088   Data   RO         7024    .constdata          m_ws.l(pow.o)
    0x08008998   0x08008998   0x00000008   Data   RO         7416    .constdata          m_ws.l(qnan.o)
    0x080089a0   0x080089a0   0x00000040   Data   RO         7475    .constdata          mc_w.l(ctype_c.o)
    0x080089e0   0x080089e0   0x000000d5   Data   RO         1457    .conststring        menu.o
    0x08008ab5   0x08008ab5   0x00000003   PAD
    0x08008ab8   0x08008ab8   0x00000020   Data   RO         7477    Region$$Table       anon$$obj.o


    Execution Region RW_IRAM1 (Exec base: 0x20000000, Load base: 0x08008ad8, Size: 0x00002060, Max: 0x00005000, ABSOLUTE, COMPRESSED[0x000000b4])

    Exec Addr    Load Addr    Size         Type   Attr      Idx    E Section Name        Object

    0x20000000   COMPRESSED   0x00000004   Data   RW           10    .data               stm32f10x_it.o
    0x20000004   COMPRESSED   0x00000004   Data   RW          158    .data               main.o
    0x20000008   COMPRESSED   0x00000014   Data   RW          304    .data               user_tim.o
    0x2000001c   COMPRESSED   0x00000004   PAD
    0x20000020   COMPRESSED   0x00000091   Data   RW          404    .data               user_uwb.o
    0x200000b1   COMPRESSED   0x00000001   PAD
    0x200000b2   COMPRESSED   0x00000004   Data   RW          608    .data               usart3.o
    0x200000b6   COMPRESSED   0x00000002   PAD
    0x200000b8   COMPRESSED   0x00000008   Data   RW         1413    .data               exit_user.o
    0x200000c0   COMPRESSED   0x0000006c   Data   RW         1458    .data               menu.o
    0x2000012c   COMPRESSED   0x00000014   Data   RW         1508    .data               stm32f10x_rcc.o
    0x20000140   COMPRESSED   0x00000014   Data   RW         4556    .data               system_stm32f10x.o
    0x20000154   COMPRESSED   0x00000048   Data   RW         4599    .data               stm32_eval.o
    0x2000019c   COMPRESSED   0x00000004   Data   RW         5821    .data               lcd_oled.o
    0x200001a0   COMPRESSED   0x00000004   Data   RW         7433    .data               mc_w.l(stdout.o)
    0x200001a4   COMPRESSED   0x00000004   Data   RW         7449    .data               mc_w.l(errno.o)
    0x200001a8        -       0x000008b0   Zero   RW          156    .bss                main.o
    0x20000a58        -       0x00000024   Zero   RW          300    .bss                user_tim.o
    0x20000a7c   COMPRESSED   0x00000004   PAD
    0x20000a80        -       0x00000208   Zero   RW          401    .bss                user_uwb.o
    0x20000c88        -       0x000004b0   Zero   RW          607    .bss                usart3.o
    0x20001138        -       0x00000022   Zero   RW         1456    .bss                menu.o
    0x2000115a   COMPRESSED   0x00000002   PAD
    0x2000115c        -       0x00000010   Zero   RW         5641    .bss                port.o
    0x2000116c        -       0x00000400   Zero   RW         5819    .bss                lcd_oled.o
    0x2000156c        -       0x0000003c   Zero   RW         6040    .bss                deca_device.o
    0x200015a8        -       0x000004b8   Zero   RW         6806    .bss                segger_rtt.o
    0x20001a60        -       0x00000600   Zero   RW         5500    STACK               startup_stm32f10x_hd.o


==============================================================================

Image component sizes


      Code (inc. data)   RO Data    RW Data    ZI Data      Debug   Object Name

         0          0          0          0          0       1260   bh1750.o
         0          0          0          0          0         32   core_cm3.o
      2278         92          0          0         60      24168   deca_device.o
        44          0          0          0          0      19568   deca_mutex.o
         0          0        173          0          0       1805   deca_params_init.o
        24          0          0          0          0        549   deca_sleep.o
       224         20          0          0          0       5689   deca_spi.o
       680         90          9          8          0       3331   exit_user.o
      2392        194       5669          4       1024      15439   lcd_oled.o
       682         40          0          0          0       4498   lis2dh12.o
      2132        260          5          4       2224     217947   main.o
      1828         30        213        108         34       2759   menu.o
       120         16          0          0          0       3543   misc.o
       890         74          0          0         16      23314   port.o
       430         40          0          0       1208       8342   segger_rtt.o
       900          6         16          0          0       5485   segger_rtt_printf.o
        36          8        304          0       1536        916   startup_stm32f10x_hd.o
       212         26        168         72          0       7462   stm32_eval.o
        44         10          0          0          0       1288   stm32f10x_exti.o
       272          6          0          0          0      22094   stm32f10x_gpio.o
       426         16          0          0          0      17790   stm32f10x_i2c.o
        32          6          0          4          0      58672   stm32f10x_it.o
       256         44          0         20          0      14984   stm32f10x_rcc.o
       194         12          0          0          0      11436   stm32f10x_spi.o
       862        104          0          0          0      32381   stm32f10x_tim.o
       454         26          0          0          0      14234   stm32f10x_usart.o
       248         24          0         20          0       1837   system_stm32f10x.o
       364         36          0          4       1200       2633   usart3.o
       842         64         28         20         36       6569   user_tim.o
      1292        202         16        145        520       9355   user_uwb.o
       388         72         74          0          0       4569   waificmd.o

    ----------------------------------------------------------------------
     18590       1518       6720        416       7864     543949   Object Totals
         0          0         32          0          0          0   (incl. Generated)
        44          0         13          7          6          0   (incl. Padding)

    ----------------------------------------------------------------------

      Code (inc. data)   RO Data    RW Data    ZI Data      Debug   Library Member Name

       624         52         80          0          0        168   asin.o
        68         10          0          0          0        408   dunder.o
        40          0          0          0          0         68   fpclassify.o
       170          0          0          0          0         96   poly.o
      2520        190        136          0          0        324   pow.o
         0          0          8          0          0          0   qnan.o
        76          0          0          0          0         84   sqrt.o
        56          8          0          0          0         84   __0sscanf.o
        86          0          0          0          0          0   __dczerorl2.o
        28          0          0          0          0         68   _chval.o
       816          6          0          0          0        112   _scanf.o
       332          0          0          0          0         96   _scanf_int.o
        64          0          0          0          0         84   _sgetc.o
        40          6         64          0          0         68   ctype_c.o
         0          0          0          0          0          0   entry.o
         0          0          0          0          0          0   entry10a.o
         0          0          0          0          0          0   entry11a.o
         4          0          0          0          0          0   entry12b.o
         8          4          0          0          0          0   entry2.o
         4          0          0          0          0          0   entry5.o
         0          0          0          0          0          0   entry7b.o
         0          0          0          0          0          0   entry8b.o
         8          4          0          0          0          0   entry9a.o
        12          6          0          4          0         68   errno.o
        30          0          0          0          0          0   handlers.o
        36          8          0          0          0         68   init.o
        10          0          0          0          0         68   isspace_c.o
         0          0          0          0          0          0   iusefp.o
        30          0          0          0          0         68   llshl.o
        36          0          0          0          0         68   llsshr.o
        32          0          0          0          0         68   llushr.o
        26          0          0          0          0         80   memcmp.o
        36          0          0          0          0         68   memcpya.o
        36          0          0          0          0        108   memseta.o
      2378        106          0          0          0        852   printfa.o
        40          8          0          0          0         84   scanf_char.o
         0          0          0          4          0          0   stdout.o
        18          0          0          0          0         68   strcpy.o
        14          0          0          0          0         68   strlen.o
        30          0          0          0          0         80   strncmp.o
        36          0          0          0          0         80   strstr.o
        44          0          0          0          0         80   uidiv.o
        98          0          0          0          0         92   uldiv.o
        48          0          0          0          0         68   cdrcmple.o
        20          0          0          0          0         68   cfrcmple.o
        56          0          0          0          0         88   d2f.o
       334          0          0          0          0        148   dadd.o
       222          0          0          0          0        100   ddiv.o
       186          0          0          0          0        176   depilogue.o
        48          0          0          0          0         68   dfixul.o
        34          0          0          0          0         76   dflti.o
       228          0          0          0          0         96   dmul.o
        46          0          0          0          0         80   dscalb.o
       162          0          0          0          0        100   dsqrt.o
        38          0          0          0          0         68   f2d.o
       176          0          0          0          0        140   fadd.o
       124          0          0          0          0         88   fdiv.o
       110          0          0          0          0        168   fepilogue.o
        50          0          0          0          0         68   ffixi.o
        40          0          0          0          0         68   ffixui.o
        18          0          0          0          0         68   fflti.o
        10          0          0          0          0         68   ffltui.o
       100          0          0          0          0         76   fmul.o

    ----------------------------------------------------------------------
      9946        408        288          8          0       5608   Library Totals
        10          0          0          0          0          0   (incl. Padding)

    ----------------------------------------------------------------------

      Code (inc. data)   RO Data    RW Data    ZI Data      Debug   Library Name

      3498        252        224          0          0       1148   m_ws.l
      4388        156         64          8          0       2580   mc_w.l
      2050          0          0          0          0       1880   mf_w.l

    ----------------------------------------------------------------------
      9946        408        288          8          0       5608   Library Totals

    ----------------------------------------------------------------------

==============================================================================


      Code (inc. data)   RO Data    RW Data    ZI Data      Debug   

     28536       1926       7008        424       7864     537517   Grand Totals
     28536       1926       7008        180       7864     537517   ELF Image Totals (compressed)
     28536       1926       7008        180          0          0   ROM Totals

==============================================================================

    Total RO  Size (Code + RO Data)                35544 (  34.71kB)
    Total RW  Size (RW Data + ZI Data)              8288 (   8.09kB)
    Total ROM Size (Code + RO Data + RW Data)      35724 (  34.89kB)

==============================================================================

